[INFO] Scanning for projects...
[INFO] 
[INFO] --------------------< com.coopreducto:tthh-backend >--------------------
[INFO] Building Sistema TTHH - Backend 1.0.0
[INFO]   from pom.xml
[INFO] --------------------------------[ jar ]---------------------------------
[INFO] 
[INFO] --- clean:3.3.2:clean (default-clean) @ tthh-backend ---
[INFO] Deleting C:\SISTEMA_TTHH_V2\backend\target
[INFO] 
[INFO] --- resources:3.3.1:resources (default-resources) @ tthh-backend ---
[INFO] Copying 2 resources from src\main\resources to target\classes
[INFO] Copying 2 resources from src\main\resources to target\classes
[INFO] 
[INFO] --- compiler:3.11.0:compile (default-compile) @ tthh-backend ---
[INFO] Changes detected - recompiling the module! :source
[INFO] Compiling 95 source files with javac [debug release 21] to target\classes
[INFO] -------------------------------------------------------------
[ERROR] COMPILATION ERROR : 
[INFO] -------------------------------------------------------------
[ERROR] /C:/SISTEMA_TTHH_V2/backend/src/main/java/com/coopreducto/tthh/entity/Empleado.java:[802,27] variable createdAt is already defined in class com.coopreducto.tthh.entity.Empleado
[ERROR] /C:/SISTEMA_TTHH_V2/backend/src/main/java/com/coopreducto/tthh/entity/Empleado.java:[806,27] variable updatedAt is already defined in class com.coopreducto.tthh.entity.Empleado
[ERROR] /C:/SISTEMA_TTHH_V2/backend/src/main/java/com/coopreducto/tthh/entity/Empleado.java:[809,20] variable createdBy is already defined in class com.coopreducto.tthh.entity.Empleado
[ERROR] /C:/SISTEMA_TTHH_V2/backend/src/main/java/com/coopreducto/tthh/entity/Empleado.java:[812,20] variable updatedBy is already defined in class com.coopreducto.tthh.entity.Empleado
[ERROR] /C:/SISTEMA_TTHH_V2/backend/src/main/java/com/coopreducto/tthh/controller/NotificacionController.java:[24,14] cannot find symbol
  symbol:   method setLeido(boolean)
  location: variable n of type com.coopreducto.tthh.entity.Notificacion
[ERROR] /C:/SISTEMA_TTHH_V2/backend/src/main/java/com/coopreducto/tthh/audit/AuditAspect.java:[64,13] cannot find symbol
  symbol:   variable log
  location: class com.coopreducto.tthh.audit.AuditAspect
[ERROR] /C:/SISTEMA_TTHH_V2/backend/src/main/java/com/coopreducto/tthh/mapper/EmpleadoMapper.java:[26,40] cannot find symbol
  symbol:   method getFechaNacimiento()
  location: variable empleado of type com.coopreducto.tthh.entity.Empleado
[ERROR] /C:/SISTEMA_TTHH_V2/backend/src/main/java/com/coopreducto/tthh/mapper/EmpleadoMapper.java:[124,17] cannot find symbol
  symbol:   method setFechaNacimiento(java.time.LocalDate)
  location: variable empleado of type com.coopreducto.tthh.entity.Empleado
[ERROR] /C:/SISTEMA_TTHH_V2/backend/src/main/java/com/coopreducto/tthh/mapper/EmpleadoMapper.java:[219,17] cannot find symbol
  symbol:   method setFechaNacimiento(java.time.LocalDate)
  location: variable empleado of type com.coopreducto.tthh.entity.Empleado
[ERROR] /C:/SISTEMA_TTHH_V2/backend/src/main/java/com/coopreducto/tthh/service/impl/AsistenciaServiceImpl.java:[39,9] cannot find symbol
  symbol:   variable log
  location: class com.coopreducto.tthh.service.impl.AsistenciaServiceImpl
[ERROR] /C:/SISTEMA_TTHH_V2/backend/src/main/java/com/coopreducto/tthh/service/impl/AsistenciaServiceImpl.java:[121,9] cannot find symbol
  symbol:   variable log
  location: class com.coopreducto.tthh.service.impl.AsistenciaServiceImpl
[ERROR] /C:/SISTEMA_TTHH_V2/backend/src/main/java/com/coopreducto/tthh/service/impl/ReportesServiceImpl.java:[47,17] cannot find symbol
  symbol:   variable log
  location: class com.coopreducto.tthh.service.impl.ReportesServiceImpl
[ERROR] /C:/SISTEMA_TTHH_V2/backend/src/main/java/com/coopreducto/tthh/service/impl/ReportesServiceImpl.java:[70,29] constructor AlertaDTO in class com.coopreducto.tthh.dto.DashboardAdminDTO.AlertaDTO cannot be applied to given types;
  required: no arguments
  found:    java.lang.String,java.lang.String,java.lang.String,<nulltype>,java.lang.String
  reason: actual and formal argument lists differ in length
[ERROR] /C:/SISTEMA_TTHH_V2/backend/src/main/java/com/coopreducto/tthh/service/impl/ReportesServiceImpl.java:[78,29] constructor AlertaDTO in class com.coopreducto.tthh.dto.DashboardAdminDTO.AlertaDTO cannot be applied to given types;
  required: no arguments
  found:    java.lang.String,java.lang.String,java.lang.String,<nulltype>,java.lang.String
  reason: actual and formal argument lists differ in length
[ERROR] /C:/SISTEMA_TTHH_V2/backend/src/main/java/com/coopreducto/tthh/service/impl/ReportesServiceImpl.java:[92,22] cannot find symbol
  symbol:   method setCumpleaniosMesActual(long)
  location: variable dashboard of type com.coopreducto.tthh.dto.DashboardAdminDTO
[ERROR] /C:/SISTEMA_TTHH_V2/backend/src/main/java/com/coopreducto/tthh/service/impl/ReportesServiceImpl.java:[97,41] cannot find symbol
  symbol:   method getFechaNacimiento()
  location: variable emp of type com.coopreducto.tthh.entity.Empleado
[ERROR] /C:/SISTEMA_TTHH_V2/backend/src/main/java/com/coopreducto/tthh/service/impl/ReportesServiceImpl.java:[108,37] constructor CumpleaniosDTO in class com.coopreducto.tthh.dto.DashboardAdminDTO.CumpleaniosDTO cannot be applied to given types;
  required: no arguments
  found:    java.lang.Long,java.lang.String,java.lang.String,java.lang.String,int,int,java.lang.Integer,<nulltype>
  reason: actual and formal argument lists differ in length
[ERROR] /C:/SISTEMA_TTHH_V2/backend/src/main/java/com/coopreducto/tthh/service/impl/ReportesServiceImpl.java:[119,22] cannot find symbol
  symbol:   method setProximosCumpleanios(java.util.List<com.coopreducto.tthh.dto.DashboardAdminDTO.CumpleaniosDTO>)
  location: variable dashboard of type com.coopreducto.tthh.dto.DashboardAdminDTO
[ERROR] /C:/SISTEMA_TTHH_V2/backend/src/main/java/com/coopreducto/tthh/service/impl/ReportesServiceImpl.java:[144,37] constructor TendenciaMensual in class com.coopreducto.tthh.dto.DashboardAdminDTO.TendenciaMensual cannot be applied to given types;
  required: no arguments
  found:    java.lang.String,int,java.math.BigDecimal,java.lang.Long
  reason: actual and formal argument lists differ in length
[ERROR] /C:/SISTEMA_TTHH_V2/backend/src/main/java/com/coopreducto/tthh/service/impl/ReportesServiceImpl.java:[167,33] constructor SolicitudResumenDTO in class com.coopreducto.tthh.dto.DashboardAdminDTO.SolicitudResumenDTO cannot be applied to given types;
  required: no arguments
  found:    java.lang.Long,java.lang.String,java.lang.String,java.lang.String,java.lang.String,s.getEmple[...]gnar",java.lang.String
  reason: actual and formal argument lists differ in length
[ERROR] /C:/SISTEMA_TTHH_V2/backend/src/main/java/com/coopreducto/tthh/service/impl/ReportesServiceImpl.java:[179,17] cannot find symbol
  symbol:   variable log
  location: class com.coopreducto.tthh.service.impl.ReportesServiceImpl
[ERROR] /C:/SISTEMA_TTHH_V2/backend/src/main/java/com/coopreducto/tthh/service/impl/ReportesServiceImpl.java:[193,13] cannot find symbol
  symbol:   variable log
  location: class com.coopreducto.tthh.service.impl.ReportesServiceImpl
[ERROR] /C:/SISTEMA_TTHH_V2/backend/src/main/java/com/coopreducto/tthh/service/impl/ReportesServiceImpl.java:[300,9] cannot find symbol
  symbol:   variable log
  location: class com.coopreducto.tthh.service.impl.ReportesServiceImpl
[ERROR] /C:/SISTEMA_TTHH_V2/backend/src/main/java/com/coopreducto/tthh/service/impl/ReportesServiceImpl.java:[306,9] cannot find symbol
  symbol:   variable log
  location: class com.coopreducto.tthh.service.impl.ReportesServiceImpl
[ERROR] /C:/SISTEMA_TTHH_V2/backend/src/main/java/com/coopreducto/tthh/service/impl/ExcelImportServiceImpl.java:[95,28] cannot find symbol
  symbol:   method setFechaNacimiento(java.time.LocalDate)
  location: variable emp of type com.coopreducto.tthh.entity.Empleado
[ERROR] /C:/SISTEMA_TTHH_V2/backend/src/main/java/com/coopreducto/tthh/service/impl/ExcelImportServiceImpl.java:[115,13] cannot find symbol
  symbol:   variable log
  location: class com.coopreducto.tthh.service.impl.ExcelImportServiceImpl
[ERROR] /C:/SISTEMA_TTHH_V2/backend/src/main/java/com/coopreducto/tthh/service/impl/ExcelImportServiceImpl.java:[189,13] cannot find symbol
  symbol:   variable log
  location: class com.coopreducto.tthh.service.impl.ExcelImportServiceImpl
[ERROR] /C:/SISTEMA_TTHH_V2/backend/src/main/java/com/coopreducto/tthh/config/DataSeeder.java:[346,18] cannot find symbol
  symbol:   method setFechaNacimiento(java.time.LocalDate)
  location: variable e of type com.coopreducto.tthh.entity.Empleado
[ERROR] /C:/SISTEMA_TTHH_V2/backend/src/main/java/com/coopreducto/tthh/config/DataSeeder.java:[674,29] cannot find symbol
  symbol:   method setFechaNacimiento(java.time.LocalDate)
  location: variable demo of type com.coopreducto.tthh.entity.Empleado
[ERROR] /C:/SISTEMA_TTHH_V2/backend/src/main/java/com/coopreducto/tthh/config/RateLimitFilter.java:[35,13] cannot find symbol
  symbol:   variable log
  location: class com.coopreducto.tthh.config.RateLimitFilter
[ERROR] /C:/SISTEMA_TTHH_V2/backend/src/main/java/com/coopreducto/tthh/service/impl/ReciboSalarioServiceImpl.java:[364,25] cannot find symbol
  symbol:   variable log
  location: class com.coopreducto.tthh.service.impl.ReciboSalarioServiceImpl
[ERROR] /C:/SISTEMA_TTHH_V2/backend/src/main/java/com/coopreducto/tthh/service/impl/ReciboSalarioServiceImpl.java:[506,17] cannot find symbol
  symbol:   variable log
  location: class com.coopreducto.tthh.service.impl.ReciboSalarioServiceImpl
[ERROR] /C:/SISTEMA_TTHH_V2/backend/src/main/java/com/coopreducto/tthh/service/impl/ReciboSalarioServiceImpl.java:[510,17] cannot find symbol
  symbol:   variable log
  location: class com.coopreducto.tthh.service.impl.ReciboSalarioServiceImpl
[ERROR] /C:/SISTEMA_TTHH_V2/backend/src/main/java/com/coopreducto/tthh/service/impl/ReciboSalarioServiceImpl.java:[517,41] cannot find symbol
  symbol:   variable log
  location: class com.coopreducto.tthh.service.impl.ReciboSalarioServiceImpl
[ERROR] /C:/SISTEMA_TTHH_V2/backend/src/main/java/com/coopreducto/tthh/service/impl/ReciboSalarioServiceImpl.java:[580,33] cannot find symbol
  symbol:   variable log
  location: class com.coopreducto.tthh.service.impl.ReciboSalarioServiceImpl
[ERROR] /C:/SISTEMA_TTHH_V2/backend/src/main/java/com/coopreducto/tthh/service/impl/ReciboSalarioServiceImpl.java:[584,17] cannot find symbol
  symbol:   variable log
  location: class com.coopreducto.tthh.service.impl.ReciboSalarioServiceImpl
[INFO] 36 errors 
[INFO] -------------------------------------------------------------
[INFO] ------------------------------------------------------------------------
[INFO] BUILD FAILURE
[INFO] ------------------------------------------------------------------------
[INFO] Total time:  6.998 s
[INFO] Finished at: 2025-12-18T11:30:19-03:00
[INFO] ------------------------------------------------------------------------
[ERROR] Failed to execute goal org.apache.maven.plugins:maven-compiler-plugin:3.11.0:compile (default-compile) on project tthh-backend: Compilation failure: Compilation failure: 
[ERROR] /C:/SISTEMA_TTHH_V2/backend/src/main/java/com/coopreducto/tthh/entity/Empleado.java:[802,27] variable createdAt is already defined in class com.coopreducto.tthh.entity.Empleado
[ERROR] /C:/SISTEMA_TTHH_V2/backend/src/main/java/com/coopreducto/tthh/entity/Empleado.java:[806,27] variable updatedAt is already defined in class com.coopreducto.tthh.entity.Empleado
[ERROR] /C:/SISTEMA_TTHH_V2/backend/src/main/java/com/coopreducto/tthh/entity/Empleado.java:[809,20] variable createdBy is already defined in class com.coopreducto.tthh.entity.Empleado
[ERROR] /C:/SISTEMA_TTHH_V2/backend/src/main/java/com/coopreducto/tthh/entity/Empleado.java:[812,20] variable updatedBy is already defined in class com.coopreducto.tthh.entity.Empleado
[ERROR] /C:/SISTEMA_TTHH_V2/backend/src/main/java/com/coopreducto/tthh/controller/NotificacionController.java:[24,14] cannot find symbol
[ERROR]   symbol:   method setLeido(boolean)
[ERROR]   location: variable n of type com.coopreducto.tthh.entity.Notificacion
[ERROR] /C:/SISTEMA_TTHH_V2/backend/src/main/java/com/coopreducto/tthh/audit/AuditAspect.java:[64,13] cannot find symbol
[ERROR]   symbol:   variable log
[ERROR]   location: class com.coopreducto.tthh.audit.AuditAspect
[ERROR] /C:/SISTEMA_TTHH_V2/backend/src/main/java/com/coopreducto/tthh/mapper/EmpleadoMapper.java:[26,40] cannot find symbol
[ERROR]   symbol:   method getFechaNacimiento()
[ERROR]   location: variable empleado of type com.coopreducto.tthh.entity.Empleado
[ERROR] /C:/SISTEMA_TTHH_V2/backend/src/main/java/com/coopreducto/tthh/mapper/EmpleadoMapper.java:[124,17] cannot find symbol
[ERROR]   symbol:   method setFechaNacimiento(java.time.LocalDate)
[ERROR]   location: variable empleado of type com.coopreducto.tthh.entity.Empleado
[ERROR] /C:/SISTEMA_TTHH_V2/backend/src/main/java/com/coopreducto/tthh/mapper/EmpleadoMapper.java:[219,17] cannot find symbol
[ERROR]   symbol:   method setFechaNacimiento(java.time.LocalDate)
[ERROR]   location: variable empleado of type com.coopreducto.tthh.entity.Empleado
[ERROR] /C:/SISTEMA_TTHH_V2/backend/src/main/java/com/coopreducto/tthh/service/impl/AsistenciaServiceImpl.java:[39,9] cannot find symbol
[ERROR]   symbol:   variable log
[ERROR]   location: class com.coopreducto.tthh.service.impl.AsistenciaServiceImpl
[ERROR] /C:/SISTEMA_TTHH_V2/backend/src/main/java/com/coopreducto/tthh/service/impl/AsistenciaServiceImpl.java:[121,9] cannot find symbol
[ERROR]   symbol:   variable log
[ERROR]   location: class com.coopreducto.tthh.service.impl.AsistenciaServiceImpl
[ERROR] /C:/SISTEMA_TTHH_V2/backend/src/main/java/com/coopreducto/tthh/service/impl/ReportesServiceImpl.java:[47,17] cannot find symbol
[ERROR]   symbol:   variable log
[ERROR]   location: class com.coopreducto.tthh.service.impl.ReportesServiceImpl
[ERROR] /C:/SISTEMA_TTHH_V2/backend/src/main/java/com/coopreducto/tthh/service/impl/ReportesServiceImpl.java:[70,29] constructor AlertaDTO in class com.coopreducto.tthh.dto.DashboardAdminDTO.AlertaDTO cannot be applied to given types;
[ERROR]   required: no arguments
[ERROR]   found:    java.lang.String,java.lang.String,java.lang.String,<nulltype>,java.lang.String
[ERROR]   reason: actual and formal argument lists differ in length
[ERROR] /C:/SISTEMA_TTHH_V2/backend/src/main/java/com/coopreducto/tthh/service/impl/ReportesServiceImpl.java:[78,29] constructor AlertaDTO in class com.coopreducto.tthh.dto.DashboardAdminDTO.AlertaDTO cannot be applied to given types;
[ERROR]   required: no arguments
[ERROR]   found:    java.lang.String,java.lang.String,java.lang.String,<nulltype>,java.lang.String
[ERROR]   reason: actual and formal argument lists differ in length
[ERROR] /C:/SISTEMA_TTHH_V2/backend/src/main/java/com/coopreducto/tthh/service/impl/ReportesServiceImpl.java:[92,22] cannot find symbol
[ERROR]   symbol:   method setCumpleaniosMesActual(long)
[ERROR]   location: variable dashboard of type com.coopreducto.tthh.dto.DashboardAdminDTO
[ERROR] /C:/SISTEMA_TTHH_V2/backend/src/main/java/com/coopreducto/tthh/service/impl/ReportesServiceImpl.java:[97,41] cannot find symbol
[ERROR]   symbol:   method getFechaNacimiento()
[ERROR]   location: variable emp of type com.coopreducto.tthh.entity.Empleado
[ERROR] /C:/SISTEMA_TTHH_V2/backend/src/main/java/com/coopreducto/tthh/service/impl/ReportesServiceImpl.java:[108,37] constructor CumpleaniosDTO in class com.coopreducto.tthh.dto.DashboardAdminDTO.CumpleaniosDTO cannot be applied to given types;
[ERROR]   required: no arguments
[ERROR]   found:    java.lang.Long,java.lang.String,java.lang.String,java.lang.String,int,int,java.lang.Integer,<nulltype>
[ERROR]   reason: actual and formal argument lists differ in length
[ERROR] /C:/SISTEMA_TTHH_V2/backend/src/main/java/com/coopreducto/tthh/service/impl/ReportesServiceImpl.java:[119,22] cannot find symbol
[ERROR]   symbol:   method setProximosCumpleanios(java.util.List<com.coopreducto.tthh.dto.DashboardAdminDTO.CumpleaniosDTO>)
[ERROR]   location: variable dashboard of type com.coopreducto.tthh.dto.DashboardAdminDTO
[ERROR] /C:/SISTEMA_TTHH_V2/backend/src/main/java/com/coopreducto/tthh/service/impl/ReportesServiceImpl.java:[144,37] constructor TendenciaMensual in class com.coopreducto.tthh.dto.DashboardAdminDTO.TendenciaMensual cannot be applied to given types;
[ERROR]   required: no arguments
[ERROR]   found:    java.lang.String,int,java.math.BigDecimal,java.lang.Long
[ERROR]   reason: actual and formal argument lists differ in length
[ERROR] /C:/SISTEMA_TTHH_V2/backend/src/main/java/com/coopreducto/tthh/service/impl/ReportesServiceImpl.java:[167,33] constructor SolicitudResumenDTO in class com.coopreducto.tthh.dto.DashboardAdminDTO.SolicitudResumenDTO cannot be applied to given types;
[ERROR]   required: no arguments
[ERROR]   found:    java.lang.Long,java.lang.String,java.lang.String,java.lang.String,java.lang.String,s.getEmple[...]gnar",java.lang.String
[ERROR]   reason: actual and formal argument lists differ in length
[ERROR] /C:/SISTEMA_TTHH_V2/backend/src/main/java/com/coopreducto/tthh/service/impl/ReportesServiceImpl.java:[179,17] cannot find symbol
[ERROR]   symbol:   variable log
[ERROR]   location: class com.coopreducto.tthh.service.impl.ReportesServiceImpl
[ERROR] /C:/SISTEMA_TTHH_V2/backend/src/main/java/com/coopreducto/tthh/service/impl/ReportesServiceImpl.java:[193,13] cannot find symbol
[ERROR]   symbol:   variable log
[ERROR]   location: class com.coopreducto.tthh.service.impl.ReportesServiceImpl
[ERROR] /C:/SISTEMA_TTHH_V2/backend/src/main/java/com/coopreducto/tthh/service/impl/ReportesServiceImpl.java:[300,9] cannot find symbol
[ERROR]   symbol:   variable log
[ERROR]   location: class com.coopreducto.tthh.service.impl.ReportesServiceImpl
[ERROR] /C:/SISTEMA_TTHH_V2/backend/src/main/java/com/coopreducto/tthh/service/impl/ReportesServiceImpl.java:[306,9] cannot find symbol
[ERROR]   symbol:   variable log
[ERROR]   location: class com.coopreducto.tthh.service.impl.ReportesServiceImpl
[ERROR] /C:/SISTEMA_TTHH_V2/backend/src/main/java/com/coopreducto/tthh/service/impl/ExcelImportServiceImpl.java:[95,28] cannot find symbol
[ERROR]   symbol:   method setFechaNacimiento(java.time.LocalDate)
[ERROR]   location: variable emp of type com.coopreducto.tthh.entity.Empleado
[ERROR] /C:/SISTEMA_TTHH_V2/backend/src/main/java/com/coopreducto/tthh/service/impl/ExcelImportServiceImpl.java:[115,13] cannot find symbol
[ERROR]   symbol:   variable log
[ERROR]   location: class com.coopreducto.tthh.service.impl.ExcelImportServiceImpl
[ERROR] /C:/SISTEMA_TTHH_V2/backend/src/main/java/com/coopreducto/tthh/service/impl/ExcelImportServiceImpl.java:[189,13] cannot find symbol
[ERROR]   symbol:   variable log
[ERROR]   location: class com.coopreducto.tthh.service.impl.ExcelImportServiceImpl
[ERROR] /C:/SISTEMA_TTHH_V2/backend/src/main/java/com/coopreducto/tthh/config/DataSeeder.java:[346,18] cannot find symbol
[ERROR]   symbol:   method setFechaNacimiento(java.time.LocalDate)
[ERROR]   location: variable e of type com.coopreducto.tthh.entity.Empleado
[ERROR] /C:/SISTEMA_TTHH_V2/backend/src/main/java/com/coopreducto/tthh/config/DataSeeder.java:[674,29] cannot find symbol
[ERROR]   symbol:   method setFechaNacimiento(java.time.LocalDate)
[ERROR]   location: variable demo of type com.coopreducto.tthh.entity.Empleado
[ERROR] /C:/SISTEMA_TTHH_V2/backend/src/main/java/com/coopreducto/tthh/config/RateLimitFilter.java:[35,13] cannot find symbol
[ERROR]   symbol:   variable log
[ERROR]   location: class com.coopreducto.tthh.config.RateLimitFilter
[ERROR] /C:/SISTEMA_TTHH_V2/backend/src/main/java/com/coopreducto/tthh/service/impl/ReciboSalarioServiceImpl.java:[364,25] cannot find symbol
[ERROR]   symbol:   variable log
[ERROR]   location: class com.coopreducto.tthh.service.impl.ReciboSalarioServiceImpl
[ERROR] /C:/SISTEMA_TTHH_V2/backend/src/main/java/com/coopreducto/tthh/service/impl/ReciboSalarioServiceImpl.java:[506,17] cannot find symbol
[ERROR]   symbol:   variable log
[ERROR]   location: class com.coopreducto.tthh.service.impl.ReciboSalarioServiceImpl
[ERROR] /C:/SISTEMA_TTHH_V2/backend/src/main/java/com/coopreducto/tthh/service/impl/ReciboSalarioServiceImpl.java:[510,17] cannot find symbol
[ERROR]   symbol:   variable log
[ERROR]   location: class com.coopreducto.tthh.service.impl.ReciboSalarioServiceImpl
[ERROR] /C:/SISTEMA_TTHH_V2/backend/src/main/java/com/coopreducto/tthh/service/impl/ReciboSalarioServiceImpl.java:[517,41] cannot find symbol
[ERROR]   symbol:   variable log
[ERROR]   location: class com.coopreducto.tthh.service.impl.ReciboSalarioServiceImpl
[ERROR] /C:/SISTEMA_TTHH_V2/backend/src/main/java/com/coopreducto/tthh/service/impl/ReciboSalarioServiceImpl.java:[580,33] cannot find symbol
[ERROR]   symbol:   variable log
[ERROR]   location: class com.coopreducto.tthh.service.impl.ReciboSalarioServiceImpl
[ERROR] /C:/SISTEMA_TTHH_V2/backend/src/main/java/com/coopreducto/tthh/service/impl/ReciboSalarioServiceImpl.java:[584,17] cannot find symbol
[ERROR]   symbol:   variable log
[ERROR]   location: class com.coopreducto.tthh.service.impl.ReciboSalarioServiceImpl
[ERROR] -> [Help 1]
[ERROR] 
[ERROR] To see the full stack trace of the errors, re-run Maven with the -e switch.
[ERROR] Re-run Maven using the -X switch to enable full debug logging.
[ERROR] 
[ERROR] For more information about the errors and possible solutions, please read the following articles:
[ERROR] [Help 1] http://cwiki.apache.org/confluence/display/MAVEN/MojoFailureException
