[INFO] Scanning for projects...
[INFO] 
[INFO] --------------------< com.coopreducto:tthh-backend >--------------------
[INFO] Building Sistema TTHH - Backend 1.0.0
[INFO]   from pom.xml
[INFO] --------------------------------[ jar ]---------------------------------
[INFO] 
[INFO] --- clean:3.3.2:clean (default-clean) @ tthh-backend ---
[INFO] Deleting C:\Users\ASUS ROG G17\.gemini\antigravity\scratch\sistema_tthh\backend\target
[INFO] 
[INFO] --- resources:3.3.1:resources (default-resources) @ tthh-backend ---
[INFO] Copying 2 resources from src\main\resources to target\classes
[INFO] Copying 2 resources from src\main\resources to target\classes
[INFO] 
[INFO] --- compiler:3.11.0:compile (default-compile) @ tthh-backend ---
[INFO] Changes detected - recompiling the module! :source
[INFO] Compiling 140 source files with javac [debug release 21] to target\classes
[INFO] /C:/Users/ASUS ROG G17/.gemini/antigravity/scratch/sistema_tthh/backend/src/main/java/com/coopreducto/tthh/service/impl/ReciboComisionServiceImpl.java: Some input files use or override a deprecated API.
[INFO] /C:/Users/ASUS ROG G17/.gemini/antigravity/scratch/sistema_tthh/backend/src/main/java/com/coopreducto/tthh/service/impl/ReciboComisionServiceImpl.java: Recompile with -Xlint:deprecation for details.
[INFO] -------------------------------------------------------------
[ERROR] COMPILATION ERROR : 
[INFO] -------------------------------------------------------------
[ERROR] /C:/Users/ASUS ROG G17/.gemini/antigravity/scratch/sistema_tthh/backend/src/main/java/com/coopreducto/tthh/controller/ModuloController.java:[17,1] org.springframework.web.bind.annotation.RestController is not a repeatable annotation interface
[ERROR] /C:/Users/ASUS ROG G17/.gemini/antigravity/scratch/sistema_tthh/backend/src/main/java/com/coopreducto/tthh/controller/ModuloController.java:[18,1] org.springframework.web.bind.annotation.RequestMapping is not a repeatable annotation interface
[ERROR] /C:/Users/ASUS ROG G17/.gemini/antigravity/scratch/sistema_tthh/backend/src/main/java/com/coopreducto/tthh/controller/ModuloController.java:[19,1] lombok.RequiredArgsConstructor is not a repeatable annotation interface
[ERROR] /C:/Users/ASUS ROG G17/.gemini/antigravity/scratch/sistema_tthh/backend/src/main/java/com/coopreducto/tthh/mapper/AsistenciaMapper.java:[21,78] cannot find symbol
  symbol:   method getId()
  location: class com.coopreducto.tthh.entity.Empleado
[ERROR] /C:/Users/ASUS ROG G17/.gemini/antigravity/scratch/sistema_tthh/backend/src/main/java/com/coopreducto/tthh/mapper/AsistenciaMapper.java:[47,21] cannot find symbol
  symbol:   method setId(java.lang.Long)
  location: variable empleado of type com.coopreducto.tthh.entity.Empleado
[ERROR] /C:/Users/ASUS ROG G17/.gemini/antigravity/scratch/sistema_tthh/backend/src/main/java/com/coopreducto/tthh/service/impl/ReportesServiceImpl.java:[37,22] cannot find symbol
  symbol:   method setColaboradoresActivos(java.lang.Long)
  location: variable dashboard of type com.coopreducto.tthh.dto.DashboardAdminDTO
[ERROR] /C:/Users/ASUS ROG G17/.gemini/antigravity/scratch/sistema_tthh/backend/src/main/java/com/coopreducto/tthh/service/impl/ReportesServiceImpl.java:[38,22] cannot find symbol
  symbol:   method setColaboradoresInactivos(java.lang.Long)
  location: variable dashboard of type com.coopreducto.tthh.dto.DashboardAdminDTO
[ERROR] /C:/Users/ASUS ROG G17/.gemini/antigravity/scratch/sistema_tthh/backend/src/main/java/com/coopreducto/tthh/service/impl/ReportesServiceImpl.java:[43,22] cannot find symbol
  symbol:   method setSolicitudesPendientes(long)
  location: variable dashboard of type com.coopreducto.tthh.dto.DashboardAdminDTO
[ERROR] /C:/Users/ASUS ROG G17/.gemini/antigravity/scratch/sistema_tthh/backend/src/main/java/com/coopreducto/tthh/service/impl/ReportesServiceImpl.java:[49,26] cannot find symbol
  symbol:   method setCertificacionesPorVencer(long)
  location: variable dashboard of type com.coopreducto.tthh.dto.DashboardAdminDTO
[ERROR] /C:/Users/ASUS ROG G17/.gemini/antigravity/scratch/sistema_tthh/backend/src/main/java/com/coopreducto/tthh/service/impl/ReportesServiceImpl.java:[52,17] cannot find symbol
  symbol:   variable log
  location: class com.coopreducto.tthh.service.impl.ReportesServiceImpl
[ERROR] /C:/Users/ASUS ROG G17/.gemini/antigravity/scratch/sistema_tthh/backend/src/main/java/com/coopreducto/tthh/service/impl/ReportesServiceImpl.java:[53,26] cannot find symbol
  symbol:   method setCertificacionesPorVencer(long)
  location: variable dashboard of type com.coopreducto.tthh.dto.DashboardAdminDTO
[ERROR] /C:/Users/ASUS ROG G17/.gemini/antigravity/scratch/sistema_tthh/backend/src/main/java/com/coopreducto/tthh/service/impl/ReportesServiceImpl.java:[67,26] cannot find symbol
  symbol:   method setColaboradoresPorDepartamento(java.util.Map<java.lang.String,java.lang.Long>)
  location: variable dashboard of type com.coopreducto.tthh.dto.DashboardAdminDTO
[ERROR] /C:/Users/ASUS ROG G17/.gemini/antigravity/scratch/sistema_tthh/backend/src/main/java/com/coopreducto/tthh/service/impl/ReportesServiceImpl.java:[69,17] cannot find symbol
  symbol:   variable log
  location: class com.coopreducto.tthh.service.impl.ReportesServiceImpl
[ERROR] /C:/Users/ASUS ROG G17/.gemini/antigravity/scratch/sistema_tthh/backend/src/main/java/com/coopreducto/tthh/service/impl/ReportesServiceImpl.java:[70,26] cannot find symbol
  symbol:   method setColaboradoresPorDepartamento(java.util.HashMap<java.lang.Object,java.lang.Object>)
  location: variable dashboard of type com.coopreducto.tthh.dto.DashboardAdminDTO
[ERROR] /C:/Users/ASUS ROG G17/.gemini/antigravity/scratch/sistema_tthh/backend/src/main/java/com/coopreducto/tthh/service/impl/ReportesServiceImpl.java:[75,49] cannot find symbol
  symbol:   method getSolicitudesPendientes()
  location: variable dashboard of type com.coopreducto.tthh.dto.DashboardAdminDTO
[ERROR] /C:/Users/ASUS ROG G17/.gemini/antigravity/scratch/sistema_tthh/backend/src/main/java/com/coopreducto/tthh/service/impl/ReportesServiceImpl.java:[80,22] cannot find symbol
  symbol:   method setSolicitudesPorEstado(java.util.Map<java.lang.String,java.lang.Long>)
  location: variable dashboard of type com.coopreducto.tthh.dto.DashboardAdminDTO
[ERROR] /C:/Users/ASUS ROG G17/.gemini/antigravity/scratch/sistema_tthh/backend/src/main/java/com/coopreducto/tthh/service/impl/ReportesServiceImpl.java:[84,26] cannot find symbol
  symbol:   method getSolicitudesPendientes()
  location: variable dashboard of type com.coopreducto.tthh.dto.DashboardAdminDTO
[ERROR] /C:/Users/ASUS ROG G17/.gemini/antigravity/scratch/sistema_tthh/backend/src/main/java/com/coopreducto/tthh/service/impl/ReportesServiceImpl.java:[87,43] cannot find symbol
  symbol:   method getSolicitudesPendientes()
  location: variable dashboard of type com.coopreducto.tthh.dto.DashboardAdminDTO
[ERROR] /C:/Users/ASUS ROG G17/.gemini/antigravity/scratch/sistema_tthh/backend/src/main/java/com/coopreducto/tthh/service/impl/ReportesServiceImpl.java:[92,26] cannot find symbol
  symbol:   method getCertificacionesPorVencer()
  location: variable dashboard of type com.coopreducto.tthh.dto.DashboardAdminDTO
[ERROR] /C:/Users/ASUS ROG G17/.gemini/antigravity/scratch/sistema_tthh/backend/src/main/java/com/coopreducto/tthh/service/impl/ReportesServiceImpl.java:[95,34] cannot find symbol
  symbol:   method getCertificacionesPorVencer()
  location: variable dashboard of type com.coopreducto.tthh.dto.DashboardAdminDTO
[ERROR] /C:/Users/ASUS ROG G17/.gemini/antigravity/scratch/sistema_tthh/backend/src/main/java/com/coopreducto/tthh/service/impl/ReportesServiceImpl.java:[100,22] cannot find symbol
  symbol:   method setAlertas(java.util.List<com.coopreducto.tthh.dto.DashboardAdminDTO.AlertaDTO>)
  location: variable dashboard of type com.coopreducto.tthh.dto.DashboardAdminDTO
[ERROR] /C:/Users/ASUS ROG G17/.gemini/antigravity/scratch/sistema_tthh/backend/src/main/java/com/coopreducto/tthh/service/impl/ReportesServiceImpl.java:[106,26] cannot find symbol
  symbol:   method setCumpleaniosMesActual(long)
  location: variable dashboard of type com.coopreducto.tthh.dto.DashboardAdminDTO
[ERROR] /C:/Users/ASUS ROG G17/.gemini/antigravity/scratch/sistema_tthh/backend/src/main/java/com/coopreducto/tthh/service/impl/ReportesServiceImpl.java:[109,45] cannot find symbol
  symbol:   method getFechaNacimiento()
  location: variable dto of type com.coopreducto.tthh.dto.CumpleanosManualDTO
[ERROR] /C:/Users/ASUS ROG G17/.gemini/antigravity/scratch/sistema_tthh/backend/src/main/java/com/coopreducto/tthh/service/impl/ReportesServiceImpl.java:[128,32] cannot find symbol
  symbol:   method getAvatarUrl()
  location: variable dto of type com.coopreducto.tthh.dto.CumpleanosManualDTO
[ERROR] /C:/Users/ASUS ROG G17/.gemini/antigravity/scratch/sistema_tthh/backend/src/main/java/com/coopreducto/tthh/service/impl/ReportesServiceImpl.java:[122,32] cannot find symbol
  symbol:   method getNombreCompleto()
  location: variable dto of type com.coopreducto.tthh.dto.CumpleanosManualDTO
[ERROR] /C:/Users/ASUS ROG G17/.gemini/antigravity/scratch/sistema_tthh/backend/src/main/java/com/coopreducto/tthh/service/impl/ReportesServiceImpl.java:[121,32] cannot find symbol
  symbol:   method getId()
  location: variable dto of type com.coopreducto.tthh.dto.CumpleanosManualDTO
[ERROR] /C:/Users/ASUS ROG G17/.gemini/antigravity/scratch/sistema_tthh/backend/src/main/java/com/coopreducto/tthh/service/impl/ReportesServiceImpl.java:[131,17] cannot find symbol
  symbol:   variable log
  location: class com.coopreducto.tthh.service.impl.ReportesServiceImpl
[ERROR] /C:/Users/ASUS ROG G17/.gemini/antigravity/scratch/sistema_tthh/backend/src/main/java/com/coopreducto/tthh/service/impl/ReportesServiceImpl.java:[135,26] cannot find symbol
  symbol:   method setCumpleaniosMesActual(long)
  location: variable dashboard of type com.coopreducto.tthh.dto.DashboardAdminDTO
[ERROR] /C:/Users/ASUS ROG G17/.gemini/antigravity/scratch/sistema_tthh/backend/src/main/java/com/coopreducto/tthh/service/impl/ReportesServiceImpl.java:[146,45] cannot find symbol
  symbol:   method getNombres()
  location: variable emp of type com.coopreducto.tthh.entity.Empleado
[ERROR] /C:/Users/ASUS ROG G17/.gemini/antigravity/scratch/sistema_tthh/backend/src/main/java/com/coopreducto/tthh/service/impl/ReportesServiceImpl.java:[146,70] cannot find symbol
  symbol:   method getApellidos()
  location: variable emp of type com.coopreducto.tthh.entity.Empleado
[ERROR] /C:/Users/ASUS ROG G17/.gemini/antigravity/scratch/sistema_tthh/backend/src/main/java/com/coopreducto/tthh/service/impl/ReportesServiceImpl.java:[149,47] cannot find symbol
  symbol:   method getFotoUrl()
  location: variable emp of type com.coopreducto.tthh.entity.Empleado
[ERROR] /C:/Users/ASUS ROG G17/.gemini/antigravity/scratch/sistema_tthh/backend/src/main/java/com/coopreducto/tthh/service/impl/ReportesServiceImpl.java:[146,106] cannot find symbol
  symbol:   method getSucursal()
  location: variable emp of type com.coopreducto.tthh.entity.Empleado
[ERROR] /C:/Users/ASUS ROG G17/.gemini/antigravity/scratch/sistema_tthh/backend/src/main/java/com/coopreducto/tthh/service/impl/ReportesServiceImpl.java:[146,90] cannot find symbol
  symbol:   method getCargo()
  location: variable emp of type com.coopreducto.tthh.entity.Empleado
[ERROR] /C:/Users/ASUS ROG G17/.gemini/antigravity/scratch/sistema_tthh/backend/src/main/java/com/coopreducto/tthh/service/impl/ReportesServiceImpl.java:[146,32] cannot find symbol
  symbol:   method getId()
  location: variable emp of type com.coopreducto.tthh.entity.Empleado
[ERROR] /C:/Users/ASUS ROG G17/.gemini/antigravity/scratch/sistema_tthh/backend/src/main/java/com/coopreducto/tthh/service/impl/ReportesServiceImpl.java:[152,22] cannot find symbol
  symbol:   method setProximosCumpleanios(java.util.List<com.coopreducto.tthh.dto.DashboardAdminDTO.CumpleaniosDTO>)
  location: variable dashboard of type com.coopreducto.tthh.dto.DashboardAdminDTO
[ERROR] /C:/Users/ASUS ROG G17/.gemini/antigravity/scratch/sistema_tthh/backend/src/main/java/com/coopreducto/tthh/service/impl/ReportesServiceImpl.java:[159,22] cannot find symbol
  symbol:   method setNominaMensualEstimada(java.math.BigDecimal)
  location: variable dashboard of type com.coopreducto.tthh.dto.DashboardAdminDTO
[ERROR] /C:/Users/ASUS ROG G17/.gemini/antigravity/scratch/sistema_tthh/backend/src/main/java/com/coopreducto/tthh/service/impl/ReportesServiceImpl.java:[161,13] cannot find symbol
  symbol:   variable log
  location: class com.coopreducto.tthh.service.impl.ReportesServiceImpl
[ERROR] /C:/Users/ASUS ROG G17/.gemini/antigravity/scratch/sistema_tthh/backend/src/main/java/com/coopreducto/tthh/service/impl/ReportesServiceImpl.java:[161,77] cannot find symbol
  symbol:   method getColaboradoresActivos()
  location: variable dashboard of type com.coopreducto.tthh.dto.DashboardAdminDTO
[ERROR] /C:/Users/ASUS ROG G17/.gemini/antigravity/scratch/sistema_tthh/backend/src/main/java/com/coopreducto/tthh/service/impl/ReportesServiceImpl.java:[164,22] cannot find symbol
  symbol:   method setNominaMensualPagada(java.math.BigDecimal)
  location: variable dashboard of type com.coopreducto.tthh.dto.DashboardAdminDTO
[ERROR] /C:/Users/ASUS ROG G17/.gemini/antigravity/scratch/sistema_tthh/backend/src/main/java/com/coopreducto/tthh/service/impl/ReportesServiceImpl.java:[183,34] cannot find symbol
  symbol:   method getColaboradoresActivos()
  location: variable dashboard of type com.coopreducto.tthh.dto.DashboardAdminDTO
[ERROR] /C:/Users/ASUS ROG G17/.gemini/antigravity/scratch/sistema_tthh/backend/src/main/java/com/coopreducto/tthh/service/impl/ReportesServiceImpl.java:[185,22] cannot find symbol
  symbol:   method setNominaUltimos6Meses(java.util.List<com.coopreducto.tthh.dto.DashboardAdminDTO.TendenciaMensual>)
  location: variable dashboard of type com.coopreducto.tthh.dto.DashboardAdminDTO
[ERROR] /C:/Users/ASUS ROG G17/.gemini/antigravity/scratch/sistema_tthh/backend/src/main/java/com/coopreducto/tthh/service/impl/ReportesServiceImpl.java:[195,22] cannot find symbol
  symbol:   method setSolicitudesPorTipo(java.util.Map<java.lang.String,java.lang.Long>)
  location: variable dashboard of type com.coopreducto.tthh.dto.DashboardAdminDTO
[ERROR] /C:/Users/ASUS ROG G17/.gemini/antigravity/scratch/sistema_tthh/backend/src/main/java/com/coopreducto/tthh/service/impl/ReportesServiceImpl.java:[211,37] constructor SolicitudResumenDTO in class com.coopreducto.tthh.dto.DashboardAdminDTO.SolicitudResumenDTO cannot be applied to given types;
  required: no arguments
  found:    java.lang.Long,s.getTitul[...]tulo",s.getTipo([...]OTRO",s.getEstad[...]ENTE",s.getPrior[...]EDIA",s.getEmple[...]gnar",s.getCreat[...]ing()
  reason: actual and formal argument lists differ in length
[ERROR] /C:/Users/ASUS ROG G17/.gemini/antigravity/scratch/sistema_tthh/backend/src/main/java/com/coopreducto/tthh/service/impl/ReportesServiceImpl.java:[218,58] cannot find symbol
  symbol:   method getNombres()
  location: class com.coopreducto.tthh.entity.Empleado
[ERROR] /C:/Users/ASUS ROG G17/.gemini/antigravity/scratch/sistema_tthh/backend/src/main/java/com/coopreducto/tthh/service/impl/ReportesServiceImpl.java:[218,95] cannot find symbol
  symbol:   method getApellidos()
  location: class com.coopreducto.tthh.entity.Empleado
[ERROR] /C:/Users/ASUS ROG G17/.gemini/antigravity/scratch/sistema_tthh/backend/src/main/java/com/coopreducto/tthh/service/impl/ReportesServiceImpl.java:[227,37] constructor SolicitudResumenDTO in class com.coopreducto.tthh.dto.DashboardAdminDTO.SolicitudResumenDTO cannot be applied to given types;
  required: no arguments
  found:    java.lang.Long,java.lang.String,a.getTipo([...]NCIA",a.getEstad[...]ENTE",java.lang.String,a.getEmple[...]gnar",a.getCreat[...]ing()
  reason: actual and formal argument lists differ in length
[ERROR] /C:/Users/ASUS ROG G17/.gemini/antigravity/scratch/sistema_tthh/backend/src/main/java/com/coopreducto/tthh/service/impl/ReportesServiceImpl.java:[235,58] cannot find symbol
  symbol:   method getNombres()
  location: class com.coopreducto.tthh.entity.Empleado
[ERROR] /C:/Users/ASUS ROG G17/.gemini/antigravity/scratch/sistema_tthh/backend/src/main/java/com/coopreducto/tthh/service/impl/ReportesServiceImpl.java:[235,95] cannot find symbol
  symbol:   method getApellidos()
  location: class com.coopreducto.tthh.entity.Empleado
[ERROR] /C:/Users/ASUS ROG G17/.gemini/antigravity/scratch/sistema_tthh/backend/src/main/java/com/coopreducto/tthh/service/impl/ReportesServiceImpl.java:[243,61] cannot find symbol
  symbol:   method getFechaCreacion()
  location: variable b of type com.coopreducto.tthh.dto.DashboardAdminDTO.SolicitudResumenDTO
[ERROR] /C:/Users/ASUS ROG G17/.gemini/antigravity/scratch/sistema_tthh/backend/src/main/java/com/coopreducto/tthh/service/impl/ReportesServiceImpl.java:[244,57] cannot find symbol
  symbol:   method getFechaCreacion()
  location: variable a of type com.coopreducto.tthh.dto.DashboardAdminDTO.SolicitudResumenDTO
[ERROR] /C:/Users/ASUS ROG G17/.gemini/antigravity/scratch/sistema_tthh/backend/src/main/java/com/coopreducto/tthh/service/impl/ReportesServiceImpl.java:[252,17] cannot find symbol
  symbol:   variable log
  location: class com.coopreducto.tthh.service.impl.ReportesServiceImpl
[ERROR] /C:/Users/ASUS ROG G17/.gemini/antigravity/scratch/sistema_tthh/backend/src/main/java/com/coopreducto/tthh/service/impl/ReportesServiceImpl.java:[254,22] cannot find symbol
  symbol:   method setUltimasSolicitudes(java.util.List<com.coopreducto.tthh.dto.DashboardAdminDTO.SolicitudResumenDTO>)
  location: variable dashboard of type com.coopreducto.tthh.dto.DashboardAdminDTO
[ERROR] /C:/Users/ASUS ROG G17/.gemini/antigravity/scratch/sistema_tthh/backend/src/main/java/com/coopreducto/tthh/service/impl/ReportesServiceImpl.java:[257,22] cannot find symbol
  symbol:   method setHorasFormacionMes(int)
  location: variable dashboard of type com.coopreducto.tthh.dto.DashboardAdminDTO
[ERROR] /C:/Users/ASUS ROG G17/.gemini/antigravity/scratch/sistema_tthh/backend/src/main/java/com/coopreducto/tthh/service/impl/ReportesServiceImpl.java:[258,22] cannot find symbol
  symbol:   method setHorasFormacionAnio(int)
  location: variable dashboard of type com.coopreducto.tthh.dto.DashboardAdminDTO
[ERROR] /C:/Users/ASUS ROG G17/.gemini/antigravity/scratch/sistema_tthh/backend/src/main/java/com/coopreducto/tthh/service/impl/ReportesServiceImpl.java:[259,22] cannot find symbol
  symbol:   method setColaboradoresPorCargo(java.util.HashMap<java.lang.Object,java.lang.Object>)
  location: variable dashboard of type com.coopreducto.tthh.dto.DashboardAdminDTO
[ERROR] /C:/Users/ASUS ROG G17/.gemini/antigravity/scratch/sistema_tthh/backend/src/main/java/com/coopreducto/tthh/service/impl/ReportesServiceImpl.java:[260,22] cannot find symbol
  symbol:   method setAusenciasUltimos6Meses(java.util.ArrayList<java.lang.Object>)
  location: variable dashboard of type com.coopreducto.tthh.dto.DashboardAdminDTO
[ERROR] /C:/Users/ASUS ROG G17/.gemini/antigravity/scratch/sistema_tthh/backend/src/main/java/com/coopreducto/tthh/service/impl/ReportesServiceImpl.java:[262,22] cannot find symbol
  symbol:   method setTopHabilidades(java.util.ArrayList<java.lang.Object>)
  location: variable dashboard of type com.coopreducto.tthh.dto.DashboardAdminDTO
[ERROR] /C:/Users/ASUS ROG G17/.gemini/antigravity/scratch/sistema_tthh/backend/src/main/java/com/coopreducto/tthh/service/impl/ReportesServiceImpl.java:[266,13] cannot find symbol
  symbol:   variable log
  location: class com.coopreducto.tthh.service.impl.ReportesServiceImpl
[ERROR] /C:/Users/ASUS ROG G17/.gemini/antigravity/scratch/sistema_tthh/backend/src/main/java/com/coopreducto/tthh/service/impl/ReportesServiceImpl.java:[270,18] cannot find symbol
  symbol:   method setColaboradoresActivos(long)
  location: variable empty of type com.coopreducto.tthh.dto.DashboardAdminDTO
[ERROR] /C:/Users/ASUS ROG G17/.gemini/antigravity/scratch/sistema_tthh/backend/src/main/java/com/coopreducto/tthh/service/impl/ReportesServiceImpl.java:[271,18] cannot find symbol
  symbol:   method setColaboradoresInactivos(long)
  location: variable empty of type com.coopreducto.tthh.dto.DashboardAdminDTO
[ERROR] /C:/Users/ASUS ROG G17/.gemini/antigravity/scratch/sistema_tthh/backend/src/main/java/com/coopreducto/tthh/service/impl/ReportesServiceImpl.java:[272,18] cannot find symbol
  symbol:   method setNominaMensualEstimada(java.math.BigDecimal)
  location: variable empty of type com.coopreducto.tthh.dto.DashboardAdminDTO
[ERROR] /C:/Users/ASUS ROG G17/.gemini/antigravity/scratch/sistema_tthh/backend/src/main/java/com/coopreducto/tthh/service/impl/ReportesServiceImpl.java:[273,18] cannot find symbol
  symbol:   method setNominaMensualPagada(java.math.BigDecimal)
  location: variable empty of type com.coopreducto.tthh.dto.DashboardAdminDTO
[ERROR] /C:/Users/ASUS ROG G17/.gemini/antigravity/scratch/sistema_tthh/backend/src/main/java/com/coopreducto/tthh/service/impl/ReportesServiceImpl.java:[274,18] cannot find symbol
  symbol:   method setSolicitudesPendientes(long)
  location: variable empty of type com.coopreducto.tthh.dto.DashboardAdminDTO
[ERROR] /C:/Users/ASUS ROG G17/.gemini/antigravity/scratch/sistema_tthh/backend/src/main/java/com/coopreducto/tthh/service/impl/ReportesServiceImpl.java:[275,18] cannot find symbol
  symbol:   method setCumpleaniosMesActual(long)
  location: variable empty of type com.coopreducto.tthh.dto.DashboardAdminDTO
[ERROR] /C:/Users/ASUS ROG G17/.gemini/antigravity/scratch/sistema_tthh/backend/src/main/java/com/coopreducto/tthh/service/impl/ReportesServiceImpl.java:[276,18] cannot find symbol
  symbol:   method setCertificacionesPorVencer(long)
  location: variable empty of type com.coopreducto.tthh.dto.DashboardAdminDTO
[ERROR] /C:/Users/ASUS ROG G17/.gemini/antigravity/scratch/sistema_tthh/backend/src/main/java/com/coopreducto/tthh/service/impl/ReportesServiceImpl.java:[277,18] cannot find symbol
  symbol:   method setHorasFormacionMes(int)
  location: variable empty of type com.coopreducto.tthh.dto.DashboardAdminDTO
[ERROR] /C:/Users/ASUS ROG G17/.gemini/antigravity/scratch/sistema_tthh/backend/src/main/java/com/coopreducto/tthh/service/impl/ReportesServiceImpl.java:[278,18] cannot find symbol
  symbol:   method setHorasFormacionAnio(int)
  location: variable empty of type com.coopreducto.tthh.dto.DashboardAdminDTO
[ERROR] /C:/Users/ASUS ROG G17/.gemini/antigravity/scratch/sistema_tthh/backend/src/main/java/com/coopreducto/tthh/service/impl/ReportesServiceImpl.java:[279,18] cannot find symbol
  symbol:   method setColaboradoresPorDepartamento(java.util.HashMap<java.lang.Object,java.lang.Object>)
  location: variable empty of type com.coopreducto.tthh.dto.DashboardAdminDTO
[ERROR] /C:/Users/ASUS ROG G17/.gemini/antigravity/scratch/sistema_tthh/backend/src/main/java/com/coopreducto/tthh/service/impl/ReportesServiceImpl.java:[280,18] cannot find symbol
  symbol:   method setColaboradoresPorCargo(java.util.HashMap<java.lang.Object,java.lang.Object>)
  location: variable empty of type com.coopreducto.tthh.dto.DashboardAdminDTO
[ERROR] /C:/Users/ASUS ROG G17/.gemini/antigravity/scratch/sistema_tthh/backend/src/main/java/com/coopreducto/tthh/service/impl/ReportesServiceImpl.java:[281,18] cannot find symbol
  symbol:   method setSolicitudesPorTipo(java.util.HashMap<java.lang.Object,java.lang.Object>)
  location: variable empty of type com.coopreducto.tthh.dto.DashboardAdminDTO
[ERROR] /C:/Users/ASUS ROG G17/.gemini/antigravity/scratch/sistema_tthh/backend/src/main/java/com/coopreducto/tthh/service/impl/ReportesServiceImpl.java:[282,18] cannot find symbol
  symbol:   method setSolicitudesPorEstado(java.util.HashMap<java.lang.Object,java.lang.Object>)
  location: variable empty of type com.coopreducto.tthh.dto.DashboardAdminDTO
[ERROR] /C:/Users/ASUS ROG G17/.gemini/antigravity/scratch/sistema_tthh/backend/src/main/java/com/coopreducto/tthh/service/impl/ReportesServiceImpl.java:[283,18] cannot find symbol
  symbol:   method setNominaUltimos6Meses(java.util.ArrayList<java.lang.Object>)
  location: variable empty of type com.coopreducto.tthh.dto.DashboardAdminDTO
[ERROR] /C:/Users/ASUS ROG G17/.gemini/antigravity/scratch/sistema_tthh/backend/src/main/java/com/coopreducto/tthh/service/impl/ReportesServiceImpl.java:[284,18] cannot find symbol
  symbol:   method setAusenciasUltimos6Meses(java.util.ArrayList<java.lang.Object>)
  location: variable empty of type com.coopreducto.tthh.dto.DashboardAdminDTO
[ERROR] /C:/Users/ASUS ROG G17/.gemini/antigravity/scratch/sistema_tthh/backend/src/main/java/com/coopreducto/tthh/service/impl/ReportesServiceImpl.java:[285,18] cannot find symbol
  symbol:   method setAlertas(java.util.ArrayList<java.lang.Object>)
  location: variable empty of type com.coopreducto.tthh.dto.DashboardAdminDTO
[ERROR] /C:/Users/ASUS ROG G17/.gemini/antigravity/scratch/sistema_tthh/backend/src/main/java/com/coopreducto/tthh/service/impl/ReportesServiceImpl.java:[286,18] cannot find symbol
  symbol:   method setTopHabilidades(java.util.ArrayList<java.lang.Object>)
  location: variable empty of type com.coopreducto.tthh.dto.DashboardAdminDTO
[ERROR] /C:/Users/ASUS ROG G17/.gemini/antigravity/scratch/sistema_tthh/backend/src/main/java/com/coopreducto/tthh/service/impl/ReportesServiceImpl.java:[287,18] cannot find symbol
  symbol:   method setUltimasSolicitudes(java.util.ArrayList<java.lang.Object>)
  location: variable empty of type com.coopreducto.tthh.dto.DashboardAdminDTO
[ERROR] /C:/Users/ASUS ROG G17/.gemini/antigravity/scratch/sistema_tthh/backend/src/main/java/com/coopreducto/tthh/service/impl/ReportesServiceImpl.java:[383,13] cannot find symbol
  symbol:   variable log
  location: class com.coopreducto.tthh.service.impl.ReportesServiceImpl
[ERROR] /C:/Users/ASUS ROG G17/.gemini/antigravity/scratch/sistema_tthh/backend/src/main/java/com/coopreducto/tthh/service/impl/ReportesServiceImpl.java:[392,9] cannot find symbol
  symbol:   variable log
  location: class com.coopreducto.tthh.service.impl.ReportesServiceImpl
[ERROR] /C:/Users/ASUS ROG G17/.gemini/antigravity/scratch/sistema_tthh/backend/src/main/java/com/coopreducto/tthh/service/impl/ReportesServiceImpl.java:[398,9] cannot find symbol
  symbol:   variable log
  location: class com.coopreducto.tthh.service.impl.ReportesServiceImpl
[ERROR] /C:/Users/ASUS ROG G17/.gemini/antigravity/scratch/sistema_tthh/backend/src/main/java/com/coopreducto/tthh/service/impl/ModuloServiceImpl.java:[63,54] cannot find symbol
  symbol:   method getCodigo()
  location: variable moduloDTO of type com.coopreducto.tthh.dto.ModuloDTO
[ERROR] /C:/Users/ASUS ROG G17/.gemini/antigravity/scratch/sistema_tthh/backend/src/main/java/com/coopreducto/tthh/service/impl/ModuloServiceImpl.java:[64,89] cannot find symbol
  symbol:   method getCodigo()
  location: variable moduloDTO of type com.coopreducto.tthh.dto.ModuloDTO
[ERROR] /C:/Users/ASUS ROG G17/.gemini/antigravity/scratch/sistema_tthh/backend/src/main/java/com/coopreducto/tthh/service/impl/ModuloServiceImpl.java:[93,9] cannot find symbol
  symbol:   variable log
  location: class com.coopreducto.tthh.service.impl.ModuloServiceImpl
[ERROR] /C:/Users/ASUS ROG G17/.gemini/antigravity/scratch/sistema_tthh/backend/src/main/java/com/coopreducto/tthh/service/impl/ModuloServiceImpl.java:[98,22] invalid method reference
  cannot find symbol
    symbol:   method getModulo()
    location: class com.coopreducto.tthh.entity.EmpleadoModulo
[ERROR] /C:/Users/ASUS ROG G17/.gemini/antigravity/scratch/sistema_tthh/backend/src/main/java/com/coopreducto/tthh/service/impl/ModuloServiceImpl.java:[103,9] cannot find symbol
  symbol:   variable log
  location: class com.coopreducto.tthh.service.impl.ModuloServiceImpl
[ERROR] /C:/Users/ASUS ROG G17/.gemini/antigravity/scratch/sistema_tthh/backend/src/main/java/com/coopreducto/tthh/service/impl/ModuloServiceImpl.java:[107,56] cannot find symbol
  symbol:   method getId()
  location: variable m of type com.coopreducto.tthh.entity.Modulo
[ERROR] /C:/Users/ASUS ROG G17/.gemini/antigravity/scratch/sistema_tthh/backend/src/main/java/com/coopreducto/tthh/service/impl/ModuloServiceImpl.java:[108,58] cannot find symbol
  symbol:   method getId()
  location: variable m of type com.coopreducto.tthh.entity.Modulo
[ERROR] /C:/Users/ASUS ROG G17/.gemini/antigravity/scratch/sistema_tthh/backend/src/main/java/com/coopreducto/tthh/service/impl/ModuloServiceImpl.java:[111,56] invalid method reference
  cannot find symbol
    symbol:   method getOrden()
    location: class com.coopreducto.tthh.entity.Modulo
[ERROR] /C:/Users/ASUS ROG G17/.gemini/antigravity/scratch/sistema_tthh/backend/src/main/java/com/coopreducto/tthh/service/impl/ModuloServiceImpl.java:[115,9] cannot find symbol
  symbol:   variable log
  location: class com.coopreducto.tthh.service.impl.ModuloServiceImpl
[ERROR] /C:/Users/ASUS ROG G17/.gemini/antigravity/scratch/sistema_tthh/backend/src/main/java/com/coopreducto/tthh/service/impl/ModuloServiceImpl.java:[117,39] invalid method reference
  cannot find symbol
    symbol:   method getCodigo()
    location: class com.coopreducto.tthh.dto.ModuloDTO
[ERROR] /C:/Users/ASUS ROG G17/.gemini/antigravity/scratch/sistema_tthh/backend/src/main/java/com/coopreducto/tthh/service/impl/ModuloServiceImpl.java:[133,36] cannot find symbol
  symbol:   method getHabilitado()
  location: variable em of type com.coopreducto.tthh.entity.EmpleadoModulo
[ERROR] /C:/Users/ASUS ROG G17/.gemini/antigravity/scratch/sistema_tthh/backend/src/main/java/com/coopreducto/tthh/service/impl/ModuloServiceImpl.java:[134,35] cannot find symbol
  symbol:   method setHabilitado(boolean)
  location: variable em of type com.coopreducto.tthh.entity.EmpleadoModulo
[ERROR] /C:/Users/ASUS ROG G17/.gemini/antigravity/scratch/sistema_tthh/backend/src/main/java/com/coopreducto/tthh/service/impl/ModuloServiceImpl.java:[159,9] cannot find symbol
  symbol:   variable log
  location: class com.coopreducto.tthh.service.impl.ModuloServiceImpl
[ERROR] /C:/Users/ASUS ROG G17/.gemini/antigravity/scratch/sistema_tthh/backend/src/main/java/com/coopreducto/tthh/service/impl/ModuloServiceImpl.java:[174,73] cannot find symbol
  symbol:   method getEsDefault()
  location: class com.coopreducto.tthh.entity.Modulo
[ERROR] /C:/Users/ASUS ROG G17/.gemini/antigravity/scratch/sistema_tthh/backend/src/main/java/com/coopreducto/tthh/service/impl/ModuloServiceImpl.java:[184,25] cannot find symbol
  symbol:   method getId()
  location: variable modulo of type com.coopreducto.tthh.entity.Modulo
[ERROR] /C:/Users/ASUS ROG G17/.gemini/antigravity/scratch/sistema_tthh/backend/src/main/java/com/coopreducto/tthh/service/impl/ModuloServiceImpl.java:[185,29] cannot find symbol
  symbol:   method getCodigo()
  location: variable modulo of type com.coopreducto.tthh.entity.Modulo
[ERROR] /C:/Users/ASUS ROG G17/.gemini/antigravity/scratch/sistema_tthh/backend/src/main/java/com/coopreducto/tthh/service/impl/ModuloServiceImpl.java:[186,29] cannot find symbol
  symbol:   method getNombre()
  location: variable modulo of type com.coopreducto.tthh.entity.Modulo
[ERROR] /C:/Users/ASUS ROG G17/.gemini/antigravity/scratch/sistema_tthh/backend/src/main/java/com/coopreducto/tthh/service/impl/ModuloServiceImpl.java:[187,34] cannot find symbol
  symbol:   method getDescripcion()
  location: variable modulo of type com.coopreducto.tthh.entity.Modulo
[ERROR] /C:/Users/ASUS ROG G17/.gemini/antigravity/scratch/sistema_tthh/backend/src/main/java/com/coopreducto/tthh/service/impl/ModuloServiceImpl.java:[188,28] cannot find symbol
  symbol:   method getIcono()
  location: variable modulo of type com.coopreducto.tthh.entity.Modulo
[ERROR] /C:/Users/ASUS ROG G17/.gemini/antigravity/scratch/sistema_tthh/backend/src/main/java/com/coopreducto/tthh/service/impl/ModuloServiceImpl.java:[189,31] cannot find symbol
  symbol:   method getRutaMenu()
  location: variable modulo of type com.coopreducto.tthh.entity.Modulo
[ERROR] /C:/Users/ASUS ROG G17/.gemini/antigravity/scratch/sistema_tthh/backend/src/main/java/com/coopreducto/tthh/service/impl/ModuloServiceImpl.java:[190,28] cannot find symbol
  symbol:   method getOrden()
  location: variable modulo of type com.coopreducto.tthh.entity.Modulo
[INFO] 100 errors 
[INFO] -------------------------------------------------------------
[INFO] ------------------------------------------------------------------------
[INFO] BUILD FAILURE
[INFO] ------------------------------------------------------------------------
[INFO] Total time:  3.419 s
[INFO] Finished at: 2025-12-20T22:48:05-03:00
[INFO] ------------------------------------------------------------------------
[ERROR] Failed to execute goal org.apache.maven.plugins:maven-compiler-plugin:3.11.0:compile (default-compile) on project tthh-backend: Compilation failure: Compilation failure: 
[ERROR] /C:/Users/ASUS ROG G17/.gemini/antigravity/scratch/sistema_tthh/backend/src/main/java/com/coopreducto/tthh/controller/ModuloController.java:[17,1] org.springframework.web.bind.annotation.RestController is not a repeatable annotation interface
[ERROR] /C:/Users/ASUS ROG G17/.gemini/antigravity/scratch/sistema_tthh/backend/src/main/java/com/coopreducto/tthh/controller/ModuloController.java:[18,1] org.springframework.web.bind.annotation.RequestMapping is not a repeatable annotation interface
[ERROR] /C:/Users/ASUS ROG G17/.gemini/antigravity/scratch/sistema_tthh/backend/src/main/java/com/coopreducto/tthh/controller/ModuloController.java:[19,1] lombok.RequiredArgsConstructor is not a repeatable annotation interface
[ERROR] /C:/Users/ASUS ROG G17/.gemini/antigravity/scratch/sistema_tthh/backend/src/main/java/com/coopreducto/tthh/mapper/AsistenciaMapper.java:[21,78] cannot find symbol
[ERROR]   symbol:   method getId()
[ERROR]   location: class com.coopreducto.tthh.entity.Empleado
[ERROR] /C:/Users/ASUS ROG G17/.gemini/antigravity/scratch/sistema_tthh/backend/src/main/java/com/coopreducto/tthh/mapper/AsistenciaMapper.java:[47,21] cannot find symbol
[ERROR]   symbol:   method setId(java.lang.Long)
[ERROR]   location: variable empleado of type com.coopreducto.tthh.entity.Empleado
[ERROR] /C:/Users/ASUS ROG G17/.gemini/antigravity/scratch/sistema_tthh/backend/src/main/java/com/coopreducto/tthh/service/impl/ReportesServiceImpl.java:[37,22] cannot find symbol
[ERROR]   symbol:   method setColaboradoresActivos(java.lang.Long)
[ERROR]   location: variable dashboard of type com.coopreducto.tthh.dto.DashboardAdminDTO
[ERROR] /C:/Users/ASUS ROG G17/.gemini/antigravity/scratch/sistema_tthh/backend/src/main/java/com/coopreducto/tthh/service/impl/ReportesServiceImpl.java:[38,22] cannot find symbol
[ERROR]   symbol:   method setColaboradoresInactivos(java.lang.Long)
[ERROR]   location: variable dashboard of type com.coopreducto.tthh.dto.DashboardAdminDTO
[ERROR] /C:/Users/ASUS ROG G17/.gemini/antigravity/scratch/sistema_tthh/backend/src/main/java/com/coopreducto/tthh/service/impl/ReportesServiceImpl.java:[43,22] cannot find symbol
[ERROR]   symbol:   method setSolicitudesPendientes(long)
[ERROR]   location: variable dashboard of type com.coopreducto.tthh.dto.DashboardAdminDTO
[ERROR] /C:/Users/ASUS ROG G17/.gemini/antigravity/scratch/sistema_tthh/backend/src/main/java/com/coopreducto/tthh/service/impl/ReportesServiceImpl.java:[49,26] cannot find symbol
[ERROR]   symbol:   method setCertificacionesPorVencer(long)
[ERROR]   location: variable dashboard of type com.coopreducto.tthh.dto.DashboardAdminDTO
[ERROR] /C:/Users/ASUS ROG G17/.gemini/antigravity/scratch/sistema_tthh/backend/src/main/java/com/coopreducto/tthh/service/impl/ReportesServiceImpl.java:[52,17] cannot find symbol
[ERROR]   symbol:   variable log
[ERROR]   location: class com.coopreducto.tthh.service.impl.ReportesServiceImpl
[ERROR] /C:/Users/ASUS ROG G17/.gemini/antigravity/scratch/sistema_tthh/backend/src/main/java/com/coopreducto/tthh/service/impl/ReportesServiceImpl.java:[53,26] cannot find symbol
[ERROR]   symbol:   method setCertificacionesPorVencer(long)
[ERROR]   location: variable dashboard of type com.coopreducto.tthh.dto.DashboardAdminDTO
[ERROR] /C:/Users/ASUS ROG G17/.gemini/antigravity/scratch/sistema_tthh/backend/src/main/java/com/coopreducto/tthh/service/impl/ReportesServiceImpl.java:[67,26] cannot find symbol
[ERROR]   symbol:   method setColaboradoresPorDepartamento(java.util.Map<java.lang.String,java.lang.Long>)
[ERROR]   location: variable dashboard of type com.coopreducto.tthh.dto.DashboardAdminDTO
[ERROR] /C:/Users/ASUS ROG G17/.gemini/antigravity/scratch/sistema_tthh/backend/src/main/java/com/coopreducto/tthh/service/impl/ReportesServiceImpl.java:[69,17] cannot find symbol
[ERROR]   symbol:   variable log
[ERROR]   location: class com.coopreducto.tthh.service.impl.ReportesServiceImpl
[ERROR] /C:/Users/ASUS ROG G17/.gemini/antigravity/scratch/sistema_tthh/backend/src/main/java/com/coopreducto/tthh/service/impl/ReportesServiceImpl.java:[70,26] cannot find symbol
[ERROR]   symbol:   method setColaboradoresPorDepartamento(java.util.HashMap<java.lang.Object,java.lang.Object>)
[ERROR]   location: variable dashboard of type com.coopreducto.tthh.dto.DashboardAdminDTO
[ERROR] /C:/Users/ASUS ROG G17/.gemini/antigravity/scratch/sistema_tthh/backend/src/main/java/com/coopreducto/tthh/service/impl/ReportesServiceImpl.java:[75,49] cannot find symbol
[ERROR]   symbol:   method getSolicitudesPendientes()
[ERROR]   location: variable dashboard of type com.coopreducto.tthh.dto.DashboardAdminDTO
[ERROR] /C:/Users/ASUS ROG G17/.gemini/antigravity/scratch/sistema_tthh/backend/src/main/java/com/coopreducto/tthh/service/impl/ReportesServiceImpl.java:[80,22] cannot find symbol
[ERROR]   symbol:   method setSolicitudesPorEstado(java.util.Map<java.lang.String,java.lang.Long>)
[ERROR]   location: variable dashboard of type com.coopreducto.tthh.dto.DashboardAdminDTO
[ERROR] /C:/Users/ASUS ROG G17/.gemini/antigravity/scratch/sistema_tthh/backend/src/main/java/com/coopreducto/tthh/service/impl/ReportesServiceImpl.java:[84,26] cannot find symbol
[ERROR]   symbol:   method getSolicitudesPendientes()
[ERROR]   location: variable dashboard of type com.coopreducto.tthh.dto.DashboardAdminDTO
[ERROR] /C:/Users/ASUS ROG G17/.gemini/antigravity/scratch/sistema_tthh/backend/src/main/java/com/coopreducto/tthh/service/impl/ReportesServiceImpl.java:[87,43] cannot find symbol
[ERROR]   symbol:   method getSolicitudesPendientes()
[ERROR]   location: variable dashboard of type com.coopreducto.tthh.dto.DashboardAdminDTO
[ERROR] /C:/Users/ASUS ROG G17/.gemini/antigravity/scratch/sistema_tthh/backend/src/main/java/com/coopreducto/tthh/service/impl/ReportesServiceImpl.java:[92,26] cannot find symbol
[ERROR]   symbol:   method getCertificacionesPorVencer()
[ERROR]   location: variable dashboard of type com.coopreducto.tthh.dto.DashboardAdminDTO
[ERROR] /C:/Users/ASUS ROG G17/.gemini/antigravity/scratch/sistema_tthh/backend/src/main/java/com/coopreducto/tthh/service/impl/ReportesServiceImpl.java:[95,34] cannot find symbol
[ERROR]   symbol:   method getCertificacionesPorVencer()
[ERROR]   location: variable dashboard of type com.coopreducto.tthh.dto.DashboardAdminDTO
[ERROR] /C:/Users/ASUS ROG G17/.gemini/antigravity/scratch/sistema_tthh/backend/src/main/java/com/coopreducto/tthh/service/impl/ReportesServiceImpl.java:[100,22] cannot find symbol
[ERROR]   symbol:   method setAlertas(java.util.List<com.coopreducto.tthh.dto.DashboardAdminDTO.AlertaDTO>)
[ERROR]   location: variable dashboard of type com.coopreducto.tthh.dto.DashboardAdminDTO
[ERROR] /C:/Users/ASUS ROG G17/.gemini/antigravity/scratch/sistema_tthh/backend/src/main/java/com/coopreducto/tthh/service/impl/ReportesServiceImpl.java:[106,26] cannot find symbol
[ERROR]   symbol:   method setCumpleaniosMesActual(long)
[ERROR]   location: variable dashboard of type com.coopreducto.tthh.dto.DashboardAdminDTO
[ERROR] /C:/Users/ASUS ROG G17/.gemini/antigravity/scratch/sistema_tthh/backend/src/main/java/com/coopreducto/tthh/service/impl/ReportesServiceImpl.java:[109,45] cannot find symbol
[ERROR]   symbol:   method getFechaNacimiento()
[ERROR]   location: variable dto of type com.coopreducto.tthh.dto.CumpleanosManualDTO
[ERROR] /C:/Users/ASUS ROG G17/.gemini/antigravity/scratch/sistema_tthh/backend/src/main/java/com/coopreducto/tthh/service/impl/ReportesServiceImpl.java:[128,32] cannot find symbol
[ERROR]   symbol:   method getAvatarUrl()
[ERROR]   location: variable dto of type com.coopreducto.tthh.dto.CumpleanosManualDTO
[ERROR] /C:/Users/ASUS ROG G17/.gemini/antigravity/scratch/sistema_tthh/backend/src/main/java/com/coopreducto/tthh/service/impl/ReportesServiceImpl.java:[122,32] cannot find symbol
[ERROR]   symbol:   method getNombreCompleto()
[ERROR]   location: variable dto of type com.coopreducto.tthh.dto.CumpleanosManualDTO
[ERROR] /C:/Users/ASUS ROG G17/.gemini/antigravity/scratch/sistema_tthh/backend/src/main/java/com/coopreducto/tthh/service/impl/ReportesServiceImpl.java:[121,32] cannot find symbol
[ERROR]   symbol:   method getId()
[ERROR]   location: variable dto of type com.coopreducto.tthh.dto.CumpleanosManualDTO
[ERROR] /C:/Users/ASUS ROG G17/.gemini/antigravity/scratch/sistema_tthh/backend/src/main/java/com/coopreducto/tthh/service/impl/ReportesServiceImpl.java:[131,17] cannot find symbol
[ERROR]   symbol:   variable log
[ERROR]   location: class com.coopreducto.tthh.service.impl.ReportesServiceImpl
[ERROR] /C:/Users/ASUS ROG G17/.gemini/antigravity/scratch/sistema_tthh/backend/src/main/java/com/coopreducto/tthh/service/impl/ReportesServiceImpl.java:[135,26] cannot find symbol
[ERROR]   symbol:   method setCumpleaniosMesActual(long)
[ERROR]   location: variable dashboard of type com.coopreducto.tthh.dto.DashboardAdminDTO
[ERROR] /C:/Users/ASUS ROG G17/.gemini/antigravity/scratch/sistema_tthh/backend/src/main/java/com/coopreducto/tthh/service/impl/ReportesServiceImpl.java:[146,45] cannot find symbol
[ERROR]   symbol:   method getNombres()
[ERROR]   location: variable emp of type com.coopreducto.tthh.entity.Empleado
[ERROR] /C:/Users/ASUS ROG G17/.gemini/antigravity/scratch/sistema_tthh/backend/src/main/java/com/coopreducto/tthh/service/impl/ReportesServiceImpl.java:[146,70] cannot find symbol
[ERROR]   symbol:   method getApellidos()
[ERROR]   location: variable emp of type com.coopreducto.tthh.entity.Empleado
[ERROR] /C:/Users/ASUS ROG G17/.gemini/antigravity/scratch/sistema_tthh/backend/src/main/java/com/coopreducto/tthh/service/impl/ReportesServiceImpl.java:[149,47] cannot find symbol
[ERROR]   symbol:   method getFotoUrl()
[ERROR]   location: variable emp of type com.coopreducto.tthh.entity.Empleado
[ERROR] /C:/Users/ASUS ROG G17/.gemini/antigravity/scratch/sistema_tthh/backend/src/main/java/com/coopreducto/tthh/service/impl/ReportesServiceImpl.java:[146,106] cannot find symbol
[ERROR]   symbol:   method getSucursal()
[ERROR]   location: variable emp of type com.coopreducto.tthh.entity.Empleado
[ERROR] /C:/Users/ASUS ROG G17/.gemini/antigravity/scratch/sistema_tthh/backend/src/main/java/com/coopreducto/tthh/service/impl/ReportesServiceImpl.java:[146,90] cannot find symbol
[ERROR]   symbol:   method getCargo()
[ERROR]   location: variable emp of type com.coopreducto.tthh.entity.Empleado
[ERROR] /C:/Users/ASUS ROG G17/.gemini/antigravity/scratch/sistema_tthh/backend/src/main/java/com/coopreducto/tthh/service/impl/ReportesServiceImpl.java:[146,32] cannot find symbol
[ERROR]   symbol:   method getId()
[ERROR]   location: variable emp of type com.coopreducto.tthh.entity.Empleado
[ERROR] /C:/Users/ASUS ROG G17/.gemini/antigravity/scratch/sistema_tthh/backend/src/main/java/com/coopreducto/tthh/service/impl/ReportesServiceImpl.java:[152,22] cannot find symbol
[ERROR]   symbol:   method setProximosCumpleanios(java.util.List<com.coopreducto.tthh.dto.DashboardAdminDTO.CumpleaniosDTO>)
[ERROR]   location: variable dashboard of type com.coopreducto.tthh.dto.DashboardAdminDTO
[ERROR] /C:/Users/ASUS ROG G17/.gemini/antigravity/scratch/sistema_tthh/backend/src/main/java/com/coopreducto/tthh/service/impl/ReportesServiceImpl.java:[159,22] cannot find symbol
[ERROR]   symbol:   method setNominaMensualEstimada(java.math.BigDecimal)
[ERROR]   location: variable dashboard of type com.coopreducto.tthh.dto.DashboardAdminDTO
[ERROR] /C:/Users/ASUS ROG G17/.gemini/antigravity/scratch/sistema_tthh/backend/src/main/java/com/coopreducto/tthh/service/impl/ReportesServiceImpl.java:[161,13] cannot find symbol
[ERROR]   symbol:   variable log
[ERROR]   location: class com.coopreducto.tthh.service.impl.ReportesServiceImpl
[ERROR] /C:/Users/ASUS ROG G17/.gemini/antigravity/scratch/sistema_tthh/backend/src/main/java/com/coopreducto/tthh/service/impl/ReportesServiceImpl.java:[161,77] cannot find symbol
[ERROR]   symbol:   method getColaboradoresActivos()
[ERROR]   location: variable dashboard of type com.coopreducto.tthh.dto.DashboardAdminDTO
[ERROR] /C:/Users/ASUS ROG G17/.gemini/antigravity/scratch/sistema_tthh/backend/src/main/java/com/coopreducto/tthh/service/impl/ReportesServiceImpl.java:[164,22] cannot find symbol
[ERROR]   symbol:   method setNominaMensualPagada(java.math.BigDecimal)
[ERROR]   location: variable dashboard of type com.coopreducto.tthh.dto.DashboardAdminDTO
[ERROR] /C:/Users/ASUS ROG G17/.gemini/antigravity/scratch/sistema_tthh/backend/src/main/java/com/coopreducto/tthh/service/impl/ReportesServiceImpl.java:[183,34] cannot find symbol
[ERROR]   symbol:   method getColaboradoresActivos()
[ERROR]   location: variable dashboard of type com.coopreducto.tthh.dto.DashboardAdminDTO
[ERROR] /C:/Users/ASUS ROG G17/.gemini/antigravity/scratch/sistema_tthh/backend/src/main/java/com/coopreducto/tthh/service/impl/ReportesServiceImpl.java:[185,22] cannot find symbol
[ERROR]   symbol:   method setNominaUltimos6Meses(java.util.List<com.coopreducto.tthh.dto.DashboardAdminDTO.TendenciaMensual>)
[ERROR]   location: variable dashboard of type com.coopreducto.tthh.dto.DashboardAdminDTO
[ERROR] /C:/Users/ASUS ROG G17/.gemini/antigravity/scratch/sistema_tthh/backend/src/main/java/com/coopreducto/tthh/service/impl/ReportesServiceImpl.java:[195,22] cannot find symbol
[ERROR]   symbol:   method setSolicitudesPorTipo(java.util.Map<java.lang.String,java.lang.Long>)
[ERROR]   location: variable dashboard of type com.coopreducto.tthh.dto.DashboardAdminDTO
[ERROR] /C:/Users/ASUS ROG G17/.gemini/antigravity/scratch/sistema_tthh/backend/src/main/java/com/coopreducto/tthh/service/impl/ReportesServiceImpl.java:[211,37] constructor SolicitudResumenDTO in class com.coopreducto.tthh.dto.DashboardAdminDTO.SolicitudResumenDTO cannot be applied to given types;
[ERROR]   required: no arguments
[ERROR]   found:    java.lang.Long,s.getTitul[...]tulo",s.getTipo([...]OTRO",s.getEstad[...]ENTE",s.getPrior[...]EDIA",s.getEmple[...]gnar",s.getCreat[...]ing()
[ERROR]   reason: actual and formal argument lists differ in length
[ERROR] /C:/Users/ASUS ROG G17/.gemini/antigravity/scratch/sistema_tthh/backend/src/main/java/com/coopreducto/tthh/service/impl/ReportesServiceImpl.java:[218,58] cannot find symbol
[ERROR]   symbol:   method getNombres()
[ERROR]   location: class com.coopreducto.tthh.entity.Empleado
[ERROR] /C:/Users/ASUS ROG G17/.gemini/antigravity/scratch/sistema_tthh/backend/src/main/java/com/coopreducto/tthh/service/impl/ReportesServiceImpl.java:[218,95] cannot find symbol
[ERROR]   symbol:   method getApellidos()
[ERROR]   location: class com.coopreducto.tthh.entity.Empleado
[ERROR] /C:/Users/ASUS ROG G17/.gemini/antigravity/scratch/sistema_tthh/backend/src/main/java/com/coopreducto/tthh/service/impl/ReportesServiceImpl.java:[227,37] constructor SolicitudResumenDTO in class com.coopreducto.tthh.dto.DashboardAdminDTO.SolicitudResumenDTO cannot be applied to given types;
[ERROR]   required: no arguments
[ERROR]   found:    java.lang.Long,java.lang.String,a.getTipo([...]NCIA",a.getEstad[...]ENTE",java.lang.String,a.getEmple[...]gnar",a.getCreat[...]ing()
[ERROR]   reason: actual and formal argument lists differ in length
[ERROR] /C:/Users/ASUS ROG G17/.gemini/antigravity/scratch/sistema_tthh/backend/src/main/java/com/coopreducto/tthh/service/impl/ReportesServiceImpl.java:[235,58] cannot find symbol
[ERROR]   symbol:   method getNombres()
[ERROR]   location: class com.coopreducto.tthh.entity.Empleado
[ERROR] /C:/Users/ASUS ROG G17/.gemini/antigravity/scratch/sistema_tthh/backend/src/main/java/com/coopreducto/tthh/service/impl/ReportesServiceImpl.java:[235,95] cannot find symbol
[ERROR]   symbol:   method getApellidos()
[ERROR]   location: class com.coopreducto.tthh.entity.Empleado
[ERROR] /C:/Users/ASUS ROG G17/.gemini/antigravity/scratch/sistema_tthh/backend/src/main/java/com/coopreducto/tthh/service/impl/ReportesServiceImpl.java:[243,61] cannot find symbol
[ERROR]   symbol:   method getFechaCreacion()
[ERROR]   location: variable b of type com.coopreducto.tthh.dto.DashboardAdminDTO.SolicitudResumenDTO
[ERROR] /C:/Users/ASUS ROG G17/.gemini/antigravity/scratch/sistema_tthh/backend/src/main/java/com/coopreducto/tthh/service/impl/ReportesServiceImpl.java:[244,57] cannot find symbol
[ERROR]   symbol:   method getFechaCreacion()
[ERROR]   location: variable a of type com.coopreducto.tthh.dto.DashboardAdminDTO.SolicitudResumenDTO
[ERROR] /C:/Users/ASUS ROG G17/.gemini/antigravity/scratch/sistema_tthh/backend/src/main/java/com/coopreducto/tthh/service/impl/ReportesServiceImpl.java:[252,17] cannot find symbol
[ERROR]   symbol:   variable log
[ERROR]   location: class com.coopreducto.tthh.service.impl.ReportesServiceImpl
[ERROR] /C:/Users/ASUS ROG G17/.gemini/antigravity/scratch/sistema_tthh/backend/src/main/java/com/coopreducto/tthh/service/impl/ReportesServiceImpl.java:[254,22] cannot find symbol
[ERROR]   symbol:   method setUltimasSolicitudes(java.util.List<com.coopreducto.tthh.dto.DashboardAdminDTO.SolicitudResumenDTO>)
[ERROR]   location: variable dashboard of type com.coopreducto.tthh.dto.DashboardAdminDTO
[ERROR] /C:/Users/ASUS ROG G17/.gemini/antigravity/scratch/sistema_tthh/backend/src/main/java/com/coopreducto/tthh/service/impl/ReportesServiceImpl.java:[257,22] cannot find symbol
[ERROR]   symbol:   method setHorasFormacionMes(int)
[ERROR]   location: variable dashboard of type com.coopreducto.tthh.dto.DashboardAdminDTO
[ERROR] /C:/Users/ASUS ROG G17/.gemini/antigravity/scratch/sistema_tthh/backend/src/main/java/com/coopreducto/tthh/service/impl/ReportesServiceImpl.java:[258,22] cannot find symbol
[ERROR]   symbol:   method setHorasFormacionAnio(int)
[ERROR]   location: variable dashboard of type com.coopreducto.tthh.dto.DashboardAdminDTO
[ERROR] /C:/Users/ASUS ROG G17/.gemini/antigravity/scratch/sistema_tthh/backend/src/main/java/com/coopreducto/tthh/service/impl/ReportesServiceImpl.java:[259,22] cannot find symbol
[ERROR]   symbol:   method setColaboradoresPorCargo(java.util.HashMap<java.lang.Object,java.lang.Object>)
[ERROR]   location: variable dashboard of type com.coopreducto.tthh.dto.DashboardAdminDTO
[ERROR] /C:/Users/ASUS ROG G17/.gemini/antigravity/scratch/sistema_tthh/backend/src/main/java/com/coopreducto/tthh/service/impl/ReportesServiceImpl.java:[260,22] cannot find symbol
[ERROR]   symbol:   method setAusenciasUltimos6Meses(java.util.ArrayList<java.lang.Object>)
[ERROR]   location: variable dashboard of type com.coopreducto.tthh.dto.DashboardAdminDTO
[ERROR] /C:/Users/ASUS ROG G17/.gemini/antigravity/scratch/sistema_tthh/backend/src/main/java/com/coopreducto/tthh/service/impl/ReportesServiceImpl.java:[262,22] cannot find symbol
[ERROR]   symbol:   method setTopHabilidades(java.util.ArrayList<java.lang.Object>)
[ERROR]   location: variable dashboard of type com.coopreducto.tthh.dto.DashboardAdminDTO
[ERROR] /C:/Users/ASUS ROG G17/.gemini/antigravity/scratch/sistema_tthh/backend/src/main/java/com/coopreducto/tthh/service/impl/ReportesServiceImpl.java:[266,13] cannot find symbol
[ERROR]   symbol:   variable log
[ERROR]   location: class com.coopreducto.tthh.service.impl.ReportesServiceImpl
[ERROR] /C:/Users/ASUS ROG G17/.gemini/antigravity/scratch/sistema_tthh/backend/src/main/java/com/coopreducto/tthh/service/impl/ReportesServiceImpl.java:[270,18] cannot find symbol
[ERROR]   symbol:   method setColaboradoresActivos(long)
[ERROR]   location: variable empty of type com.coopreducto.tthh.dto.DashboardAdminDTO
[ERROR] /C:/Users/ASUS ROG G17/.gemini/antigravity/scratch/sistema_tthh/backend/src/main/java/com/coopreducto/tthh/service/impl/ReportesServiceImpl.java:[271,18] cannot find symbol
[ERROR]   symbol:   method setColaboradoresInactivos(long)
[ERROR]   location: variable empty of type com.coopreducto.tthh.dto.DashboardAdminDTO
[ERROR] /C:/Users/ASUS ROG G17/.gemini/antigravity/scratch/sistema_tthh/backend/src/main/java/com/coopreducto/tthh/service/impl/ReportesServiceImpl.java:[272,18] cannot find symbol
[ERROR]   symbol:   method setNominaMensualEstimada(java.math.BigDecimal)
[ERROR]   location: variable empty of type com.coopreducto.tthh.dto.DashboardAdminDTO
[ERROR] /C:/Users/ASUS ROG G17/.gemini/antigravity/scratch/sistema_tthh/backend/src/main/java/com/coopreducto/tthh/service/impl/ReportesServiceImpl.java:[273,18] cannot find symbol
[ERROR]   symbol:   method setNominaMensualPagada(java.math.BigDecimal)
[ERROR]   location: variable empty of type com.coopreducto.tthh.dto.DashboardAdminDTO
[ERROR] /C:/Users/ASUS ROG G17/.gemini/antigravity/scratch/sistema_tthh/backend/src/main/java/com/coopreducto/tthh/service/impl/ReportesServiceImpl.java:[274,18] cannot find symbol
[ERROR]   symbol:   method setSolicitudesPendientes(long)
[ERROR]   location: variable empty of type com.coopreducto.tthh.dto.DashboardAdminDTO
[ERROR] /C:/Users/ASUS ROG G17/.gemini/antigravity/scratch/sistema_tthh/backend/src/main/java/com/coopreducto/tthh/service/impl/ReportesServiceImpl.java:[275,18] cannot find symbol
[ERROR]   symbol:   method setCumpleaniosMesActual(long)
[ERROR]   location: variable empty of type com.coopreducto.tthh.dto.DashboardAdminDTO
[ERROR] /C:/Users/ASUS ROG G17/.gemini/antigravity/scratch/sistema_tthh/backend/src/main/java/com/coopreducto/tthh/service/impl/ReportesServiceImpl.java:[276,18] cannot find symbol
[ERROR]   symbol:   method setCertificacionesPorVencer(long)
[ERROR]   location: variable empty of type com.coopreducto.tthh.dto.DashboardAdminDTO
[ERROR] /C:/Users/ASUS ROG G17/.gemini/antigravity/scratch/sistema_tthh/backend/src/main/java/com/coopreducto/tthh/service/impl/ReportesServiceImpl.java:[277,18] cannot find symbol
[ERROR]   symbol:   method setHorasFormacionMes(int)
[ERROR]   location: variable empty of type com.coopreducto.tthh.dto.DashboardAdminDTO
[ERROR] /C:/Users/ASUS ROG G17/.gemini/antigravity/scratch/sistema_tthh/backend/src/main/java/com/coopreducto/tthh/service/impl/ReportesServiceImpl.java:[278,18] cannot find symbol
[ERROR]   symbol:   method setHorasFormacionAnio(int)
[ERROR]   location: variable empty of type com.coopreducto.tthh.dto.DashboardAdminDTO
[ERROR] /C:/Users/ASUS ROG G17/.gemini/antigravity/scratch/sistema_tthh/backend/src/main/java/com/coopreducto/tthh/service/impl/ReportesServiceImpl.java:[279,18] cannot find symbol
[ERROR]   symbol:   method setColaboradoresPorDepartamento(java.util.HashMap<java.lang.Object,java.lang.Object>)
[ERROR]   location: variable empty of type com.coopreducto.tthh.dto.DashboardAdminDTO
[ERROR] /C:/Users/ASUS ROG G17/.gemini/antigravity/scratch/sistema_tthh/backend/src/main/java/com/coopreducto/tthh/service/impl/ReportesServiceImpl.java:[280,18] cannot find symbol
[ERROR]   symbol:   method setColaboradoresPorCargo(java.util.HashMap<java.lang.Object,java.lang.Object>)
[ERROR]   location: variable empty of type com.coopreducto.tthh.dto.DashboardAdminDTO
[ERROR] /C:/Users/ASUS ROG G17/.gemini/antigravity/scratch/sistema_tthh/backend/src/main/java/com/coopreducto/tthh/service/impl/ReportesServiceImpl.java:[281,18] cannot find symbol
[ERROR]   symbol:   method setSolicitudesPorTipo(java.util.HashMap<java.lang.Object,java.lang.Object>)
[ERROR]   location: variable empty of type com.coopreducto.tthh.dto.DashboardAdminDTO
[ERROR] /C:/Users/ASUS ROG G17/.gemini/antigravity/scratch/sistema_tthh/backend/src/main/java/com/coopreducto/tthh/service/impl/ReportesServiceImpl.java:[282,18] cannot find symbol
[ERROR]   symbol:   method setSolicitudesPorEstado(java.util.HashMap<java.lang.Object,java.lang.Object>)
[ERROR]   location: variable empty of type com.coopreducto.tthh.dto.DashboardAdminDTO
[ERROR] /C:/Users/ASUS ROG G17/.gemini/antigravity/scratch/sistema_tthh/backend/src/main/java/com/coopreducto/tthh/service/impl/ReportesServiceImpl.java:[283,18] cannot find symbol
[ERROR]   symbol:   method setNominaUltimos6Meses(java.util.ArrayList<java.lang.Object>)
[ERROR]   location: variable empty of type com.coopreducto.tthh.dto.DashboardAdminDTO
[ERROR] /C:/Users/ASUS ROG G17/.gemini/antigravity/scratch/sistema_tthh/backend/src/main/java/com/coopreducto/tthh/service/impl/ReportesServiceImpl.java:[284,18] cannot find symbol
[ERROR]   symbol:   method setAusenciasUltimos6Meses(java.util.ArrayList<java.lang.Object>)
[ERROR]   location: variable empty of type com.coopreducto.tthh.dto.DashboardAdminDTO
[ERROR] /C:/Users/ASUS ROG G17/.gemini/antigravity/scratch/sistema_tthh/backend/src/main/java/com/coopreducto/tthh/service/impl/ReportesServiceImpl.java:[285,18] cannot find symbol
[ERROR]   symbol:   method setAlertas(java.util.ArrayList<java.lang.Object>)
[ERROR]   location: variable empty of type com.coopreducto.tthh.dto.DashboardAdminDTO
[ERROR] /C:/Users/ASUS ROG G17/.gemini/antigravity/scratch/sistema_tthh/backend/src/main/java/com/coopreducto/tthh/service/impl/ReportesServiceImpl.java:[286,18] cannot find symbol
[ERROR]   symbol:   method setTopHabilidades(java.util.ArrayList<java.lang.Object>)
[ERROR]   location: variable empty of type com.coopreducto.tthh.dto.DashboardAdminDTO
[ERROR] /C:/Users/ASUS ROG G17/.gemini/antigravity/scratch/sistema_tthh/backend/src/main/java/com/coopreducto/tthh/service/impl/ReportesServiceImpl.java:[287,18] cannot find symbol
[ERROR]   symbol:   method setUltimasSolicitudes(java.util.ArrayList<java.lang.Object>)
[ERROR]   location: variable empty of type com.coopreducto.tthh.dto.DashboardAdminDTO
[ERROR] /C:/Users/ASUS ROG G17/.gemini/antigravity/scratch/sistema_tthh/backend/src/main/java/com/coopreducto/tthh/service/impl/ReportesServiceImpl.java:[383,13] cannot find symbol
[ERROR]   symbol:   variable log
[ERROR]   location: class com.coopreducto.tthh.service.impl.ReportesServiceImpl
[ERROR] /C:/Users/ASUS ROG G17/.gemini/antigravity/scratch/sistema_tthh/backend/src/main/java/com/coopreducto/tthh/service/impl/ReportesServiceImpl.java:[392,9] cannot find symbol
[ERROR]   symbol:   variable log
[ERROR]   location: class com.coopreducto.tthh.service.impl.ReportesServiceImpl
[ERROR] /C:/Users/ASUS ROG G17/.gemini/antigravity/scratch/sistema_tthh/backend/src/main/java/com/coopreducto/tthh/service/impl/ReportesServiceImpl.java:[398,9] cannot find symbol
[ERROR]   symbol:   variable log
[ERROR]   location: class com.coopreducto.tthh.service.impl.ReportesServiceImpl
[ERROR] /C:/Users/ASUS ROG G17/.gemini/antigravity/scratch/sistema_tthh/backend/src/main/java/com/coopreducto/tthh/service/impl/ModuloServiceImpl.java:[63,54] cannot find symbol
[ERROR]   symbol:   method getCodigo()
[ERROR]   location: variable moduloDTO of type com.coopreducto.tthh.dto.ModuloDTO
[ERROR] /C:/Users/ASUS ROG G17/.gemini/antigravity/scratch/sistema_tthh/backend/src/main/java/com/coopreducto/tthh/service/impl/ModuloServiceImpl.java:[64,89] cannot find symbol
[ERROR]   symbol:   method getCodigo()
[ERROR]   location: variable moduloDTO of type com.coopreducto.tthh.dto.ModuloDTO
[ERROR] /C:/Users/ASUS ROG G17/.gemini/antigravity/scratch/sistema_tthh/backend/src/main/java/com/coopreducto/tthh/service/impl/ModuloServiceImpl.java:[93,9] cannot find symbol
[ERROR]   symbol:   variable log
[ERROR]   location: class com.coopreducto.tthh.service.impl.ModuloServiceImpl
[ERROR] /C:/Users/ASUS ROG G17/.gemini/antigravity/scratch/sistema_tthh/backend/src/main/java/com/coopreducto/tthh/service/impl/ModuloServiceImpl.java:[98,22] invalid method reference
[ERROR]   cannot find symbol
[ERROR]     symbol:   method getModulo()
[ERROR]     location: class com.coopreducto.tthh.entity.EmpleadoModulo
[ERROR] /C:/Users/ASUS ROG G17/.gemini/antigravity/scratch/sistema_tthh/backend/src/main/java/com/coopreducto/tthh/service/impl/ModuloServiceImpl.java:[103,9] cannot find symbol
[ERROR]   symbol:   variable log
[ERROR]   location: class com.coopreducto.tthh.service.impl.ModuloServiceImpl
[ERROR] /C:/Users/ASUS ROG G17/.gemini/antigravity/scratch/sistema_tthh/backend/src/main/java/com/coopreducto/tthh/service/impl/ModuloServiceImpl.java:[107,56] cannot find symbol
[ERROR]   symbol:   method getId()
[ERROR]   location: variable m of type com.coopreducto.tthh.entity.Modulo
[ERROR] /C:/Users/ASUS ROG G17/.gemini/antigravity/scratch/sistema_tthh/backend/src/main/java/com/coopreducto/tthh/service/impl/ModuloServiceImpl.java:[108,58] cannot find symbol
[ERROR]   symbol:   method getId()
[ERROR]   location: variable m of type com.coopreducto.tthh.entity.Modulo
[ERROR] /C:/Users/ASUS ROG G17/.gemini/antigravity/scratch/sistema_tthh/backend/src/main/java/com/coopreducto/tthh/service/impl/ModuloServiceImpl.java:[111,56] invalid method reference
[ERROR]   cannot find symbol
[ERROR]     symbol:   method getOrden()
[ERROR]     location: class com.coopreducto.tthh.entity.Modulo
[ERROR] /C:/Users/ASUS ROG G17/.gemini/antigravity/scratch/sistema_tthh/backend/src/main/java/com/coopreducto/tthh/service/impl/ModuloServiceImpl.java:[115,9] cannot find symbol
[ERROR]   symbol:   variable log
[ERROR]   location: class com.coopreducto.tthh.service.impl.ModuloServiceImpl
[ERROR] /C:/Users/ASUS ROG G17/.gemini/antigravity/scratch/sistema_tthh/backend/src/main/java/com/coopreducto/tthh/service/impl/ModuloServiceImpl.java:[117,39] invalid method reference
[ERROR]   cannot find symbol
[ERROR]     symbol:   method getCodigo()
[ERROR]     location: class com.coopreducto.tthh.dto.ModuloDTO
[ERROR] /C:/Users/ASUS ROG G17/.gemini/antigravity/scratch/sistema_tthh/backend/src/main/java/com/coopreducto/tthh/service/impl/ModuloServiceImpl.java:[133,36] cannot find symbol
[ERROR]   symbol:   method getHabilitado()
[ERROR]   location: variable em of type com.coopreducto.tthh.entity.EmpleadoModulo
[ERROR] /C:/Users/ASUS ROG G17/.gemini/antigravity/scratch/sistema_tthh/backend/src/main/java/com/coopreducto/tthh/service/impl/ModuloServiceImpl.java:[134,35] cannot find symbol
[ERROR]   symbol:   method setHabilitado(boolean)
[ERROR]   location: variable em of type com.coopreducto.tthh.entity.EmpleadoModulo
[ERROR] /C:/Users/ASUS ROG G17/.gemini/antigravity/scratch/sistema_tthh/backend/src/main/java/com/coopreducto/tthh/service/impl/ModuloServiceImpl.java:[159,9] cannot find symbol
[ERROR]   symbol:   variable log
[ERROR]   location: class com.coopreducto.tthh.service.impl.ModuloServiceImpl
[ERROR] /C:/Users/ASUS ROG G17/.gemini/antigravity/scratch/sistema_tthh/backend/src/main/java/com/coopreducto/tthh/service/impl/ModuloServiceImpl.java:[174,73] cannot find symbol
[ERROR]   symbol:   method getEsDefault()
[ERROR]   location: class com.coopreducto.tthh.entity.Modulo
[ERROR] /C:/Users/ASUS ROG G17/.gemini/antigravity/scratch/sistema_tthh/backend/src/main/java/com/coopreducto/tthh/service/impl/ModuloServiceImpl.java:[184,25] cannot find symbol
[ERROR]   symbol:   method getId()
[ERROR]   location: variable modulo of type com.coopreducto.tthh.entity.Modulo
[ERROR] /C:/Users/ASUS ROG G17/.gemini/antigravity/scratch/sistema_tthh/backend/src/main/java/com/coopreducto/tthh/service/impl/ModuloServiceImpl.java:[185,29] cannot find symbol
[ERROR]   symbol:   method getCodigo()
[ERROR]   location: variable modulo of type com.coopreducto.tthh.entity.Modulo
[ERROR] /C:/Users/ASUS ROG G17/.gemini/antigravity/scratch/sistema_tthh/backend/src/main/java/com/coopreducto/tthh/service/impl/ModuloServiceImpl.java:[186,29] cannot find symbol
[ERROR]   symbol:   method getNombre()
[ERROR]   location: variable modulo of type com.coopreducto.tthh.entity.Modulo
[ERROR] /C:/Users/ASUS ROG G17/.gemini/antigravity/scratch/sistema_tthh/backend/src/main/java/com/coopreducto/tthh/service/impl/ModuloServiceImpl.java:[187,34] cannot find symbol
[ERROR]   symbol:   method getDescripcion()
[ERROR]   location: variable modulo of type com.coopreducto.tthh.entity.Modulo
[ERROR] /C:/Users/ASUS ROG G17/.gemini/antigravity/scratch/sistema_tthh/backend/src/main/java/com/coopreducto/tthh/service/impl/ModuloServiceImpl.java:[188,28] cannot find symbol
[ERROR]   symbol:   method getIcono()
[ERROR]   location: variable modulo of type com.coopreducto.tthh.entity.Modulo
[ERROR] /C:/Users/ASUS ROG G17/.gemini/antigravity/scratch/sistema_tthh/backend/src/main/java/com/coopreducto/tthh/service/impl/ModuloServiceImpl.java:[189,31] cannot find symbol
[ERROR]   symbol:   method getRutaMenu()
[ERROR]   location: variable modulo of type com.coopreducto.tthh.entity.Modulo
[ERROR] /C:/Users/ASUS ROG G17/.gemini/antigravity/scratch/sistema_tthh/backend/src/main/java/com/coopreducto/tthh/service/impl/ModuloServiceImpl.java:[190,28] cannot find symbol
[ERROR]   symbol:   method getOrden()
[ERROR]   location: variable modulo of type com.coopreducto.tthh.entity.Modulo
[ERROR] -> [Help 1]
[ERROR] 
[ERROR] To see the full stack trace of the errors, re-run Maven with the -e switch.
[ERROR] Re-run Maven using the -X switch to enable full debug logging.
[ERROR] 
[ERROR] For more information about the errors and possible solutions, please read the following articles:
[ERROR] [Help 1] http://cwiki.apache.org/confluence/display/MAVEN/MojoFailureException
